::1 - - [18/Mar/2023:10:14:30 +0000] "GET /api/api-docs/ HTTP/1.1" 304 - "-" "Mozilla/5.0 (Windows NT 10.0; Win64; x64) AppleWebKit/537.36 (KHTML, like Gecko) Chrome/111.0.0.0 Safari/537.36"
::1 - - [18/Mar/2023:10:14:30 +0000] "GET /api/api-docs/swagger-ui.css HTTP/1.1" 304 - "http://localhost:4000/api/api-docs/" "Mozilla/5.0 (Windows NT 10.0; Win64; x64) AppleWebKit/537.36 (KHTML, like Gecko) Chrome/111.0.0.0 Safari/537.36"
::1 - - [18/Mar/2023:10:14:30 +0000] "GET /api/api-docs/swagger-ui-bundle.js HTTP/1.1" 304 - "http://localhost:4000/api/api-docs/" "Mozilla/5.0 (Windows NT 10.0; Win64; x64) AppleWebKit/537.36 (KHTML, like Gecko) Chrome/111.0.0.0 Safari/537.36"
::1 - - [18/Mar/2023:10:14:30 +0000] "GET /api/api-docs/swagger-ui-standalone-preset.js HTTP/1.1" 304 - "http://localhost:4000/api/api-docs/" "Mozilla/5.0 (Windows NT 10.0; Win64; x64) AppleWebKit/537.36 (KHTML, like Gecko) Chrome/111.0.0.0 Safari/537.36"
::1 - - [18/Mar/2023:10:14:30 +0000] "GET /api/api-docs/swagger-ui-init.js HTTP/1.1" 304 - "http://localhost:4000/api/api-docs/" "Mozilla/5.0 (Windows NT 10.0; Win64; x64) AppleWebKit/537.36 (KHTML, like Gecko) Chrome/111.0.0.0 Safari/537.36"
::1 - - [18/Mar/2023:10:14:30 +0000] "GET /api/api-docs/favicon-32x32.png HTTP/1.1" 304 - "http://localhost:4000/api/api-docs/" "Mozilla/5.0 (Windows NT 10.0; Win64; x64) AppleWebKit/537.36 (KHTML, like Gecko) Chrome/111.0.0.0 Safari/537.36"
::1 - - [18/Mar/2023:10:14:40 +0000] "GET /api/api-docs/swagger-ui.css HTTP/1.1" 304 - "http://localhost:4000/api/api-docs/" "Mozilla/5.0 (Windows NT 10.0; Win64; x64) AppleWebKit/537.36 (KHTML, like Gecko) Chrome/111.0.0.0 Safari/537.36"
::1 - - [18/Mar/2023:10:14:40 +0000] "GET /api/api-docs/swagger-ui-standalone-preset.js.map HTTP/1.1" 200 517830 "-" "Mozilla/5.0 (Windows NT 10.0; Win64; x64) AppleWebKit/537.36 (KHTML, like Gecko) Chrome/111.0.0.0 Safari/537.36"
::1 - - [18/Mar/2023:10:14:40 +0000] "GET /api/api-docs/swagger-ui.css.map HTTP/1.1" 200 251096 "-" "Mozilla/5.0 (Windows NT 10.0; Win64; x64) AppleWebKit/537.36 (KHTML, like Gecko) Chrome/111.0.0.0 Safari/537.36"
::1 - - [18/Mar/2023:10:14:40 +0000] "GET /api/api-docs/swagger-ui-bundle.js.map HTTP/1.1" 200 1540070 "-" "Mozilla/5.0 (Windows NT 10.0; Win64; x64) AppleWebKit/537.36 (KHTML, like Gecko) Chrome/111.0.0.0 Safari/537.36"
::1 - - [18/Mar/2023:10:14:50 +0000] "GET /api/api-docs/ HTTP/1.1" 304 - "-" "Mozilla/5.0 (Windows NT 10.0; Win64; x64) AppleWebKit/537.36 (KHTML, like Gecko) Chrome/111.0.0.0 Safari/537.36"
::1 - - [18/Mar/2023:10:14:50 +0000] "GET /api/api-docs/swagger-ui.css HTTP/1.1" 304 - "http://localhost:4000/api/api-docs/" "Mozilla/5.0 (Windows NT 10.0; Win64; x64) AppleWebKit/537.36 (KHTML, like Gecko) Chrome/111.0.0.0 Safari/537.36"
::1 - - [18/Mar/2023:10:14:50 +0000] "GET /api/api-docs/swagger-ui-bundle.js HTTP/1.1" 304 - "http://localhost:4000/api/api-docs/" "Mozilla/5.0 (Windows NT 10.0; Win64; x64) AppleWebKit/537.36 (KHTML, like Gecko) Chrome/111.0.0.0 Safari/537.36"
::1 - - [18/Mar/2023:10:14:50 +0000] "GET /api/api-docs/swagger-ui-standalone-preset.js HTTP/1.1" 304 - "http://localhost:4000/api/api-docs/" "Mozilla/5.0 (Windows NT 10.0; Win64; x64) AppleWebKit/537.36 (KHTML, like Gecko) Chrome/111.0.0.0 Safari/537.36"
::1 - - [18/Mar/2023:10:14:50 +0000] "GET /api/api-docs/swagger-ui-init.js HTTP/1.1" 304 - "http://localhost:4000/api/api-docs/" "Mozilla/5.0 (Windows NT 10.0; Win64; x64) AppleWebKit/537.36 (KHTML, like Gecko) Chrome/111.0.0.0 Safari/537.36"
::1 - - [18/Mar/2023:10:14:50 +0000] "GET /api/api-docs/swagger-ui-bundle.js.map HTTP/1.1" 304 - "-" "Mozilla/5.0 (Windows NT 10.0; Win64; x64) AppleWebKit/537.36 (KHTML, like Gecko) Chrome/111.0.0.0 Safari/537.36"
::1 - - [18/Mar/2023:10:14:50 +0000] "GET /api/api-docs/swagger-ui.css.map HTTP/1.1" 304 - "-" "Mozilla/5.0 (Windows NT 10.0; Win64; x64) AppleWebKit/537.36 (KHTML, like Gecko) Chrome/111.0.0.0 Safari/537.36"
::1 - - [18/Mar/2023:10:14:50 +0000] "GET /api/api-docs/swagger-ui-standalone-preset.js.map HTTP/1.1" 304 - "-" "Mozilla/5.0 (Windows NT 10.0; Win64; x64) AppleWebKit/537.36 (KHTML, like Gecko) Chrome/111.0.0.0 Safari/537.36"
::1 - - [18/Mar/2023:10:14:50 +0000] "GET /api/api-docs/favicon-32x32.png HTTP/1.1" 304 - "http://localhost:4000/api/api-docs/" "Mozilla/5.0 (Windows NT 10.0; Win64; x64) AppleWebKit/537.36 (KHTML, like Gecko) Chrome/111.0.0.0 Safari/537.36"
::1 - - [18/Mar/2023:10:18:44 +0000] "GET /api/api-docs/ HTTP/1.1" 304 - "-" "Mozilla/5.0 (Windows NT 10.0; Win64; x64) AppleWebKit/537.36 (KHTML, like Gecko) Chrome/111.0.0.0 Safari/537.36"
::1 - - [18/Mar/2023:10:18:44 +0000] "GET /api/api-docs/swagger-ui-init.js HTTP/1.1" 304 - "http://localhost:4000/api/api-docs/" "Mozilla/5.0 (Windows NT 10.0; Win64; x64) AppleWebKit/537.36 (KHTML, like Gecko) Chrome/111.0.0.0 Safari/537.36"
::1 - - [18/Mar/2023:10:18:44 +0000] "GET /api/api-docs/swagger-ui.css HTTP/1.1" 304 - "http://localhost:4000/api/api-docs/" "Mozilla/5.0 (Windows NT 10.0; Win64; x64) AppleWebKit/537.36 (KHTML, like Gecko) Chrome/111.0.0.0 Safari/537.36"
::1 - - [18/Mar/2023:10:18:44 +0000] "GET /api/api-docs/swagger-ui-bundle.js HTTP/1.1" 304 - "http://localhost:4000/api/api-docs/" "Mozilla/5.0 (Windows NT 10.0; Win64; x64) AppleWebKit/537.36 (KHTML, like Gecko) Chrome/111.0.0.0 Safari/537.36"
::1 - - [18/Mar/2023:10:18:44 +0000] "GET /api/api-docs/swagger-ui-standalone-preset.js HTTP/1.1" 304 - "http://localhost:4000/api/api-docs/" "Mozilla/5.0 (Windows NT 10.0; Win64; x64) AppleWebKit/537.36 (KHTML, like Gecko) Chrome/111.0.0.0 Safari/537.36"
::1 - - [18/Mar/2023:10:18:45 +0000] "GET /api/api-docs/swagger-ui.css.map HTTP/1.1" 304 - "-" "Mozilla/5.0 (Windows NT 10.0; Win64; x64) AppleWebKit/537.36 (KHTML, like Gecko) Chrome/111.0.0.0 Safari/537.36"
::1 - - [18/Mar/2023:10:18:45 +0000] "GET /api/api-docs/swagger-ui-bundle.js.map HTTP/1.1" 304 - "-" "Mozilla/5.0 (Windows NT 10.0; Win64; x64) AppleWebKit/537.36 (KHTML, like Gecko) Chrome/111.0.0.0 Safari/537.36"
::1 - - [18/Mar/2023:10:18:45 +0000] "GET /api/api-docs/swagger-ui-standalone-preset.js.map HTTP/1.1" 304 - "-" "Mozilla/5.0 (Windows NT 10.0; Win64; x64) AppleWebKit/537.36 (KHTML, like Gecko) Chrome/111.0.0.0 Safari/537.36"
::1 - - [18/Mar/2023:10:18:45 +0000] "GET /api/api-docs/favicon-32x32.png HTTP/1.1" 304 - "http://localhost:4000/api/api-docs/" "Mozilla/5.0 (Windows NT 10.0; Win64; x64) AppleWebKit/537.36 (KHTML, like Gecko) Chrome/111.0.0.0 Safari/537.36"
::1 - - [18/Mar/2023:10:20:01 +0000] "GET /api/api-docs/ HTTP/1.1" 404 152 "-" "Mozilla/5.0 (Windows NT 10.0; Win64; x64) AppleWebKit/537.36 (KHTML, like Gecko) Chrome/111.0.0.0 Safari/537.36"
::1 - - [18/Mar/2023:10:20:03 +0000] "GET /api/api-docs/ HTTP/1.1" 404 152 "-" "Mozilla/5.0 (Windows NT 10.0; Win64; x64) AppleWebKit/537.36 (KHTML, like Gecko) Chrome/111.0.0.0 Safari/537.36"
::1 - - [18/Mar/2023:10:20:10 +0000] "GET /api-docs/ HTTP/1.1" 200 3106 "-" "Mozilla/5.0 (Windows NT 10.0; Win64; x64) AppleWebKit/537.36 (KHTML, like Gecko) Chrome/111.0.0.0 Safari/537.36"
::1 - - [18/Mar/2023:10:20:10 +0000] "GET /api-docs/swagger-ui.css HTTP/1.1" 304 - "http://localhost:4000/api-docs/" "Mozilla/5.0 (Windows NT 10.0; Win64; x64) AppleWebKit/537.36 (KHTML, like Gecko) Chrome/111.0.0.0 Safari/537.36"
::1 - - [18/Mar/2023:10:20:10 +0000] "GET /api-docs/swagger-ui-bundle.js HTTP/1.1" 304 - "http://localhost:4000/api-docs/" "Mozilla/5.0 (Windows NT 10.0; Win64; x64) AppleWebKit/537.36 (KHTML, like Gecko) Chrome/111.0.0.0 Safari/537.36"
::1 - - [18/Mar/2023:10:20:10 +0000] "GET /api-docs/swagger-ui-init.js HTTP/1.1" 304 - "http://localhost:4000/api-docs/" "Mozilla/5.0 (Windows NT 10.0; Win64; x64) AppleWebKit/537.36 (KHTML, like Gecko) Chrome/111.0.0.0 Safari/537.36"
::1 - - [18/Mar/2023:10:20:10 +0000] "GET /api-docs/swagger-ui-standalone-preset.js HTTP/1.1" 304 - "http://localhost:4000/api-docs/" "Mozilla/5.0 (Windows NT 10.0; Win64; x64) AppleWebKit/537.36 (KHTML, like Gecko) Chrome/111.0.0.0 Safari/537.36"
::1 - - [18/Mar/2023:10:20:10 +0000] "GET /api-docs/favicon-32x32.png HTTP/1.1" 304 - "http://localhost:4000/api-docs/" "Mozilla/5.0 (Windows NT 10.0; Win64; x64) AppleWebKit/537.36 (KHTML, like Gecko) Chrome/111.0.0.0 Safari/537.36"
::1 - - [18/Mar/2023:10:20:14 +0000] "GET /api-docs/ HTTP/1.1" 304 - "-" "Mozilla/5.0 (Windows NT 10.0; Win64; x64) AppleWebKit/537.36 (KHTML, like Gecko) Chrome/111.0.0.0 Safari/537.36"
::1 - - [18/Mar/2023:10:20:14 +0000] "GET /api-docs/swagger-ui-init.js HTTP/1.1" 304 - "http://localhost:4000/api-docs/" "Mozilla/5.0 (Windows NT 10.0; Win64; x64) AppleWebKit/537.36 (KHTML, like Gecko) Chrome/111.0.0.0 Safari/537.36"
::1 - - [18/Mar/2023:10:20:14 +0000] "GET /api-docs/swagger-ui.css HTTP/1.1" 304 - "http://localhost:4000/api-docs/" "Mozilla/5.0 (Windows NT 10.0; Win64; x64) AppleWebKit/537.36 (KHTML, like Gecko) Chrome/111.0.0.0 Safari/537.36"
::1 - - [18/Mar/2023:10:20:14 +0000] "GET /api-docs/swagger-ui-bundle.js HTTP/1.1" 304 - "http://localhost:4000/api-docs/" "Mozilla/5.0 (Windows NT 10.0; Win64; x64) AppleWebKit/537.36 (KHTML, like Gecko) Chrome/111.0.0.0 Safari/537.36"
::1 - - [18/Mar/2023:10:20:14 +0000] "GET /api-docs/swagger-ui-standalone-preset.js HTTP/1.1" 304 - "http://localhost:4000/api-docs/" "Mozilla/5.0 (Windows NT 10.0; Win64; x64) AppleWebKit/537.36 (KHTML, like Gecko) Chrome/111.0.0.0 Safari/537.36"
::1 - - [18/Mar/2023:10:20:15 +0000] "GET /api-docs/favicon-32x32.png HTTP/1.1" 304 - "http://localhost:4000/api-docs/" "Mozilla/5.0 (Windows NT 10.0; Win64; x64) AppleWebKit/537.36 (KHTML, like Gecko) Chrome/111.0.0.0 Safari/537.36"
::1 - - [18/Mar/2023:10:20:15 +0000] "GET /api-docs/ HTTP/1.1" 304 - "-" "Mozilla/5.0 (Windows NT 10.0; Win64; x64) AppleWebKit/537.36 (KHTML, like Gecko) Chrome/111.0.0.0 Safari/537.36"
::1 - - [18/Mar/2023:10:20:15 +0000] "GET /api-docs/swagger-ui-init.js HTTP/1.1" 304 - "http://localhost:4000/api-docs/" "Mozilla/5.0 (Windows NT 10.0; Win64; x64) AppleWebKit/537.36 (KHTML, like Gecko) Chrome/111.0.0.0 Safari/537.36"
::1 - - [18/Mar/2023:10:20:15 +0000] "GET /api-docs/swagger-ui.css HTTP/1.1" 304 - "http://localhost:4000/api-docs/" "Mozilla/5.0 (Windows NT 10.0; Win64; x64) AppleWebKit/537.36 (KHTML, like Gecko) Chrome/111.0.0.0 Safari/537.36"
::1 - - [18/Mar/2023:10:20:15 +0000] "GET /api-docs/swagger-ui-bundle.js HTTP/1.1" 304 - "http://localhost:4000/api-docs/" "Mozilla/5.0 (Windows NT 10.0; Win64; x64) AppleWebKit/537.36 (KHTML, like Gecko) Chrome/111.0.0.0 Safari/537.36"
::1 - - [18/Mar/2023:10:20:15 +0000] "GET /api-docs/swagger-ui-standalone-preset.js HTTP/1.1" 304 - "http://localhost:4000/api-docs/" "Mozilla/5.0 (Windows NT 10.0; Win64; x64) AppleWebKit/537.36 (KHTML, like Gecko) Chrome/111.0.0.0 Safari/537.36"
::1 - - [18/Mar/2023:10:20:15 +0000] "GET /api-docs/favicon-32x32.png HTTP/1.1" 304 - "http://localhost:4000/api-docs/" "Mozilla/5.0 (Windows NT 10.0; Win64; x64) AppleWebKit/537.36 (KHTML, like Gecko) Chrome/111.0.0.0 Safari/537.36"
::1 - - [18/Mar/2023:10:20:15 +0000] "GET /api-docs/ HTTP/1.1" 304 - "-" "Mozilla/5.0 (Windows NT 10.0; Win64; x64) AppleWebKit/537.36 (KHTML, like Gecko) Chrome/111.0.0.0 Safari/537.36"
::1 - - [18/Mar/2023:10:20:15 +0000] "GET /api-docs/swagger-ui-init.js HTTP/1.1" 304 - "http://localhost:4000/api-docs/" "Mozilla/5.0 (Windows NT 10.0; Win64; x64) AppleWebKit/537.36 (KHTML, like Gecko) Chrome/111.0.0.0 Safari/537.36"
::1 - - [18/Mar/2023:10:20:15 +0000] "GET /api-docs/swagger-ui.css HTTP/1.1" 304 - "http://localhost:4000/api-docs/" "Mozilla/5.0 (Windows NT 10.0; Win64; x64) AppleWebKit/537.36 (KHTML, like Gecko) Chrome/111.0.0.0 Safari/537.36"
::1 - - [18/Mar/2023:10:20:15 +0000] "GET /api-docs/swagger-ui-bundle.js HTTP/1.1" 304 - "http://localhost:4000/api-docs/" "Mozilla/5.0 (Windows NT 10.0; Win64; x64) AppleWebKit/537.36 (KHTML, like Gecko) Chrome/111.0.0.0 Safari/537.36"
::1 - - [18/Mar/2023:10:20:15 +0000] "GET /api-docs/swagger-ui-standalone-preset.js HTTP/1.1" 304 - "http://localhost:4000/api-docs/" "Mozilla/5.0 (Windows NT 10.0; Win64; x64) AppleWebKit/537.36 (KHTML, like Gecko) Chrome/111.0.0.0 Safari/537.36"
::1 - - [18/Mar/2023:10:20:16 +0000] "GET /api-docs/favicon-32x32.png HTTP/1.1" 304 - "http://localhost:4000/api-docs/" "Mozilla/5.0 (Windows NT 10.0; Win64; x64) AppleWebKit/537.36 (KHTML, like Gecko) Chrome/111.0.0.0 Safari/537.36"
::1 - - [18/Mar/2023:10:20:16 +0000] "GET /api-docs/ HTTP/1.1" 304 - "-" "Mozilla/5.0 (Windows NT 10.0; Win64; x64) AppleWebKit/537.36 (KHTML, like Gecko) Chrome/111.0.0.0 Safari/537.36"
::1 - - [18/Mar/2023:10:20:17 +0000] "GET /api-docs/swagger-ui.css HTTP/1.1" 304 - "http://localhost:4000/api-docs/" "Mozilla/5.0 (Windows NT 10.0; Win64; x64) AppleWebKit/537.36 (KHTML, like Gecko) Chrome/111.0.0.0 Safari/537.36"
::1 - - [18/Mar/2023:10:20:17 +0000] "GET /api-docs/swagger-ui-init.js HTTP/1.1" 304 - "http://localhost:4000/api-docs/" "Mozilla/5.0 (Windows NT 10.0; Win64; x64) AppleWebKit/537.36 (KHTML, like Gecko) Chrome/111.0.0.0 Safari/537.36"
::1 - - [18/Mar/2023:10:20:17 +0000] "GET /api-docs/swagger-ui-bundle.js HTTP/1.1" 304 - "http://localhost:4000/api-docs/" "Mozilla/5.0 (Windows NT 10.0; Win64; x64) AppleWebKit/537.36 (KHTML, like Gecko) Chrome/111.0.0.0 Safari/537.36"
::1 - - [18/Mar/2023:10:20:17 +0000] "GET /api-docs/swagger-ui-standalone-preset.js HTTP/1.1" 304 - "http://localhost:4000/api-docs/" "Mozilla/5.0 (Windows NT 10.0; Win64; x64) AppleWebKit/537.36 (KHTML, like Gecko) Chrome/111.0.0.0 Safari/537.36"
::1 - - [18/Mar/2023:10:20:18 +0000] "GET /api-docs/favicon-32x32.png HTTP/1.1" 304 - "http://localhost:4000/api-docs/" "Mozilla/5.0 (Windows NT 10.0; Win64; x64) AppleWebKit/537.36 (KHTML, like Gecko) Chrome/111.0.0.0 Safari/537.36"
::1 - - [18/Mar/2023:10:20:30 +0000] "GET /api-docs/ HTTP/1.1" 304 - "-" "Mozilla/5.0 (Windows NT 10.0; Win64; x64) AppleWebKit/537.36 (KHTML, like Gecko) Chrome/111.0.0.0 Safari/537.36"
::1 - - [18/Mar/2023:10:20:30 +0000] "GET /api-docs/swagger-ui-standalone-preset.js HTTP/1.1" 304 - "http://localhost:4000/api-docs/" "Mozilla/5.0 (Windows NT 10.0; Win64; x64) AppleWebKit/537.36 (KHTML, like Gecko) Chrome/111.0.0.0 Safari/537.36"
::1 - - [18/Mar/2023:10:20:30 +0000] "GET /api-docs/swagger-ui.css HTTP/1.1" 304 - "http://localhost:4000/api-docs/" "Mozilla/5.0 (Windows NT 10.0; Win64; x64) AppleWebKit/537.36 (KHTML, like Gecko) Chrome/111.0.0.0 Safari/537.36"
::1 - - [18/Mar/2023:10:20:30 +0000] "GET /api-docs/swagger-ui-bundle.js HTTP/1.1" 304 - "http://localhost:4000/api-docs/" "Mozilla/5.0 (Windows NT 10.0; Win64; x64) AppleWebKit/537.36 (KHTML, like Gecko) Chrome/111.0.0.0 Safari/537.36"
::1 - - [18/Mar/2023:10:20:30 +0000] "GET /api-docs/swagger-ui-init.js HTTP/1.1" 304 - "http://localhost:4000/api-docs/" "Mozilla/5.0 (Windows NT 10.0; Win64; x64) AppleWebKit/537.36 (KHTML, like Gecko) Chrome/111.0.0.0 Safari/537.36"
::1 - - [18/Mar/2023:10:20:30 +0000] "GET /api-docs/swagger-ui.css.map HTTP/1.1" 200 251096 "-" "Mozilla/5.0 (Windows NT 10.0; Win64; x64) AppleWebKit/537.36 (KHTML, like Gecko) Chrome/111.0.0.0 Safari/537.36"
::1 - - [18/Mar/2023:10:20:31 +0000] "GET /api-docs/swagger-ui-standalone-preset.js.map HTTP/1.1" 200 517830 "-" "Mozilla/5.0 (Windows NT 10.0; Win64; x64) AppleWebKit/537.36 (KHTML, like Gecko) Chrome/111.0.0.0 Safari/537.36"
::1 - - [18/Mar/2023:10:20:31 +0000] "GET /api-docs/swagger-ui-bundle.js.map HTTP/1.1" 200 1540070 "-" "Mozilla/5.0 (Windows NT 10.0; Win64; x64) AppleWebKit/537.36 (KHTML, like Gecko) Chrome/111.0.0.0 Safari/537.36"
::1 - - [18/Mar/2023:10:40:58 +0000] "GET /api/v1/products HTTP/1.1" 200 5381 "-" "Mozilla/5.0 (Windows NT 10.0; Win64; x64) AppleWebKit/537.36 (KHTML, like Gecko) Chrome/111.0.0.0 Safari/537.36"
::1 - - [18/Mar/2023:10:40:59 +0000] "GET /images/icons/gear.png HTTP/1.1" 404 160 "http://localhost:4000/api/v1/products" "Mozilla/5.0 (Windows NT 10.0; Win64; x64) AppleWebKit/537.36 (KHTML, like Gecko) Chrome/111.0.0.0 Safari/537.36"
::1 - - [18/Mar/2023:10:46:31 +0000] "GET /api/v1/products HTTP/1.1" 304 - "-" "Mozilla/5.0 (Windows NT 10.0; Win64; x64) AppleWebKit/537.36 (KHTML, like Gecko) Chrome/111.0.0.0 Safari/537.36"
::1 - - [18/Mar/2023:10:46:31 +0000] "GET /images/icons/gear.png HTTP/1.1" 404 160 "http://localhost:4000/api/v1/products" "Mozilla/5.0 (Windows NT 10.0; Win64; x64) AppleWebKit/537.36 (KHTML, like Gecko) Chrome/111.0.0.0 Safari/537.36"
::ffff:127.0.0.1 - - [19/Mar/2023:11:12:52 +0000] "GET /api/v1/me HTTP/1.1" 500 1381 "http://localhost:3000/" "Mozilla/5.0 (Windows NT 10.0; Win64; x64) AppleWebKit/537.36 (KHTML, like Gecko) Chrome/111.0.0.0 Safari/537.36"
::ffff:127.0.0.1 - - [19/Mar/2023:11:12:52 +0000] "GET /api/v1/products?keyword=&page=1&price[lte]=1000&price[gt]=10&ratings[gte]=0 HTTP/1.1" 304 - "http://localhost:3000/" "Mozilla/5.0 (Windows NT 10.0; Win64; x64) AppleWebKit/537.36 (KHTML, like Gecko) Chrome/111.0.0.0 Safari/537.36"
::ffff:127.0.0.1 - - [19/Mar/2023:12:38:58 +0000] "GET /api/v1/products?keyword=&page=1&price[lte]=1000&price[gt]=10&ratings[gte]=0 HTTP/1.1" 304 - "http://localhost:3000/" "Mozilla/5.0 (Windows NT 10.0; Win64; x64) AppleWebKit/537.36 (KHTML, like Gecko) Chrome/111.0.0.0 Safari/537.36"
::ffff:127.0.0.1 - - [19/Mar/2023:12:39:00 +0000] "GET /api/v1/me HTTP/1.1" 500 1381 "http://localhost:3000/" "Mozilla/5.0 (Windows NT 10.0; Win64; x64) AppleWebKit/537.36 (KHTML, like Gecko) Chrome/111.0.0.0 Safari/537.36"
::1 - - [19/Mar/2023:12:52:09 +0000] "GET /api/v1/api/v1/products HTTP/1.1" 404 161 "http://localhost:4000/api-docs/" "Mozilla/5.0 (Windows NT 10.0; Win64; x64) AppleWebKit/537.36 (KHTML, like Gecko) Chrome/111.0.0.0 Safari/537.36"
::1 - - [19/Mar/2023:12:56:14 +0000] "GET /api/v1/api/v1/products HTTP/1.1" 404 161 "http://localhost:4000/api-docs/" "Mozilla/5.0 (Windows NT 10.0; Win64; x64) AppleWebKit/537.36 (KHTML, like Gecko) Chrome/111.0.0.0 Safari/537.36"
::1 - - [19/Mar/2023:12:56:16 +0000] "GET /api/v1/api/v1/products HTTP/1.1" 404 161 "http://localhost:4000/api-docs/" "Mozilla/5.0 (Windows NT 10.0; Win64; x64) AppleWebKit/537.36 (KHTML, like Gecko) Chrome/111.0.0.0 Safari/537.36"
::1 - - [19/Mar/2023:12:57:11 +0000] "GET /api-v1-products HTTP/1.1" 404 154 "-" "Mozilla/5.0 (Windows NT 10.0; Win64; x64) AppleWebKit/537.36 (KHTML, like Gecko) Chrome/111.0.0.0 Safari/537.36"
::1 - - [19/Mar/2023:12:57:21 +0000] "GET /api/v1/products HTTP/1.1" 200 5105 "-" "Mozilla/5.0 (Windows NT 10.0; Win64; x64) AppleWebKit/537.36 (KHTML, like Gecko) Chrome/111.0.0.0 Safari/537.36"
::1 - - [19/Mar/2023:12:57:21 +0000] "GET /favicon.ico HTTP/1.1" 404 150 "http://localhost:4000/api/v1/products" "Mozilla/5.0 (Windows NT 10.0; Win64; x64) AppleWebKit/537.36 (KHTML, like Gecko) Chrome/111.0.0.0 Safari/537.36"
::1 - - [19/Mar/2023:13:20:16 +0000] "GET /api/v1/products HTTP/1.1" 200 5105 "-" "PostmanRuntime/7.29.2"
::1 - - [19/Mar/2023:14:00:51 +0000] "POST /api/v1/api/v1/admin/product/new HTTP/1.1" 404 171 "http://localhost:4000/api-docs/" "Mozilla/5.0 (Windows NT 10.0; Win64; x64) AppleWebKit/537.36 (KHTML, like Gecko) Chrome/111.0.0.0 Safari/537.36"
::1 - - [19/Mar/2023:15:49:37 +0000] "POST /api/v1/api/v1/admin/product/new HTTP/1.1" 404 171 "http://localhost:4000/api-docs/" "Mozilla/5.0 (Windows NT 10.0; Win64; x64) AppleWebKit/537.36 (KHTML, like Gecko) Chrome/111.0.0.0 Safari/537.36"
::ffff:127.0.0.1 - - [20/Mar/2023:15:19:48 +0000] "GET /api/v1/me HTTP/1.1" 500 1381 "http://localhost:3000/" "Mozilla/5.0 (Windows NT 10.0; Win64; x64) AppleWebKit/537.36 (KHTML, like Gecko) Chrome/111.0.0.0 Safari/537.36"
::ffff:127.0.0.1 - - [20/Mar/2023:15:19:48 +0000] "GET /api/v1/products?keyword=&page=1&price[lte]=1000&price[gt]=10&ratings[gte]=0 HTTP/1.1" 304 - "http://localhost:3000/" "Mozilla/5.0 (Windows NT 10.0; Win64; x64) AppleWebKit/537.36 (KHTML, like Gecko) Chrome/111.0.0.0 Safari/537.36"
::1 - - [20/Mar/2023:15:24:49 +0000] "GET /api/v1/product/dog HTTP/1.1" 500 596 "-" "PostmanRuntime/7.29.2"
::1 - - [20/Mar/2023:15:24:58 +0000] "GET /api/v1/product/6343e90fb41952b98a0c6f1e HTTP/1.1" 500 464 "-" "PostmanRuntime/7.29.2"
::1 - - [20/Mar/2023:15:25:14 +0000] "GET /api/v1/products HTTP/1.1" 200 5105 "-" "PostmanRuntime/7.29.2"
::1 - - [20/Mar/2023:15:25:33 +0000] "GET /api/v1/product/6343e90fb41952b98a0c6f26 HTTP/1.1" 200 468 "-" "PostmanRuntime/7.29.2"
::1 - - [20/Mar/2023:16:45:41 +0000] "POST /api/v1/register HTTP/1.1" 400 1104 "-" "PostmanRuntime/7.29.2"
::ffff:127.0.0.1 - - [20/Mar/2023:16:58:54 +0000] "GET /api/v1/me HTTP/1.1" 500 1381 "http://localhost:3000/" "Mozilla/5.0 (Windows NT 10.0; Win64; x64) AppleWebKit/537.36 (KHTML, like Gecko) Chrome/111.0.0.0 Safari/537.36"
::ffff:127.0.0.1 - - [20/Mar/2023:16:58:54 +0000] "GET /api/v1/products?keyword=&page=1&price[lte]=1000&price[gt]=10&ratings[gte]=0 HTTP/1.1" 304 - "http://localhost:3000/" "Mozilla/5.0 (Windows NT 10.0; Win64; x64) AppleWebKit/537.36 (KHTML, like Gecko) Chrome/111.0.0.0 Safari/537.36"
::ffff:127.0.0.1 - - [21/Mar/2023:06:45:46 +0000] "GET /api/v1/me HTTP/1.1" 500 1381 "http://localhost:3000/" "Mozilla/5.0 (Windows NT 10.0; Win64; x64) AppleWebKit/537.36 (KHTML, like Gecko) Chrome/111.0.0.0 Safari/537.36"
::ffff:127.0.0.1 - - [21/Mar/2023:06:45:46 +0000] "GET /api/v1/products?keyword=&page=1&price[lte]=1000&price[gt]=10&ratings[gte]=0 HTTP/1.1" 304 - "http://localhost:3000/" "Mozilla/5.0 (Windows NT 10.0; Win64; x64) AppleWebKit/537.36 (KHTML, like Gecko) Chrome/111.0.0.0 Safari/537.36"
::1 - - [21/Mar/2023:07:14:23 +0000] "GET /api/v1/me HTTP/1.1" 500 1381 "-" "PostmanRuntime/7.29.2"
::1 - - [21/Mar/2023:07:14:32 +0000] "POST /api/v1/login HTTP/1.1" 500 468 "-" "PostmanRuntime/7.29.2"
::1 - - [21/Mar/2023:07:14:42 +0000] "POST /api/v1/register HTTP/1.1" 400 1104 "-" "PostmanRuntime/7.29.2"
::1 - - [21/Mar/2023:07:14:53 +0000] "GET /api/v1/product/6343e90fb41952b98a0c6f26 HTTP/1.1" 200 468 "-" "PostmanRuntime/7.29.2"
::1 - - [21/Mar/2023:07:15:17 +0000] "POST /api/v1/login HTTP/1.1" 500 468 "-" "PostmanRuntime/7.29.2"
::1 - - [21/Mar/2023:07:22:35 +0000] "GET /api/v1/me HTTP/1.1" 500 1381 "-" "PostmanRuntime/7.29.2"
::ffff:127.0.0.1 - - [21/Mar/2023:07:22:52 +0000] "POST /api/v1/login HTTP/1.1" 200 603 "http://localhost:3000/login" "Mozilla/5.0 (Windows NT 10.0; Win64; x64) AppleWebKit/537.36 (KHTML, like Gecko) Chrome/111.0.0.0 Safari/537.36"
::ffff:127.0.0.1 - - [21/Mar/2023:07:22:53 +0000] "GET /api/v1/products?keyword=&page=1&price[lte]=1000&price[gt]=10&ratings[gte]=0 HTTP/1.1" 304 - "http://localhost:3000/" "Mozilla/5.0 (Windows NT 10.0; Win64; x64) AppleWebKit/537.36 (KHTML, like Gecko) Chrome/111.0.0.0 Safari/537.36"
::ffff:127.0.0.1 - - [21/Mar/2023:07:45:29 +0000] "GET /api/v1/logout HTTP/1.1" 200 39 "http://localhost:3000/me" "Mozilla/5.0 (Windows NT 10.0; Win64; x64) AppleWebKit/537.36 (KHTML, like Gecko) Chrome/111.0.0.0 Safari/537.36"
::ffff:127.0.0.1 - - [21/Mar/2023:07:45:29 +0000] "GET /api/v1/products?keyword=&page=1&price[lte]=1000&price[gt]=10&ratings[gte]=0 HTTP/1.1" 304 - "http://localhost:3000/" "Mozilla/5.0 (Windows NT 10.0; Win64; x64) AppleWebKit/537.36 (KHTML, like Gecko) Chrome/111.0.0.0 Safari/537.36"
::1 - - [21/Mar/2023:07:49:02 +0000] "GET /api/v1/logout HTTP/1.1" 200 39 "-" "PostmanRuntime/7.29.2"
::ffff:127.0.0.1 - - [21/Mar/2023:08:36:47 +0000] "GET /api/v1/me HTTP/1.1" 500 1381 "http://localhost:3000/" "Mozilla/5.0 (Windows NT 10.0; Win64; x64) AppleWebKit/537.36 (KHTML, like Gecko) Chrome/111.0.0.0 Safari/537.36"
::ffff:127.0.0.1 - - [21/Mar/2023:08:36:48 +0000] "GET /api/v1/products?keyword=&page=1&price[lte]=1000&price[gt]=10&ratings[gte]=0 HTTP/1.1" 304 - "http://localhost:3000/" "Mozilla/5.0 (Windows NT 10.0; Win64; x64) AppleWebKit/537.36 (KHTML, like Gecko) Chrome/111.0.0.0 Safari/537.36"
::ffff:127.0.0.1 - - [21/Mar/2023:08:46:41 +0000] "POST /api/v1/login HTTP/1.1" 200 603 "http://localhost:3000/login" "Mozilla/5.0 (Windows NT 10.0; Win64; x64) AppleWebKit/537.36 (KHTML, like Gecko) Chrome/111.0.0.0 Safari/537.36"
::ffff:127.0.0.1 - - [21/Mar/2023:08:46:41 +0000] "GET /api/v1/products?keyword=&page=1&price[lte]=1000&price[gt]=10&ratings[gte]=0 HTTP/1.1" 304 - "http://localhost:3000/" "Mozilla/5.0 (Windows NT 10.0; Win64; x64) AppleWebKit/537.36 (KHTML, like Gecko) Chrome/111.0.0.0 Safari/537.36"
::ffff:127.0.0.1 - - [21/Mar/2023:08:47:32 +0000] "GET /api/v1/products?keyword=&page=1&price[lte]=1000&price[gt]=10&ratings[gte]=0 HTTP/1.1" 304 - "http://localhost:3000/" "Mozilla/5.0 (Windows NT 10.0; Win64; x64) AppleWebKit/537.36 (KHTML, like Gecko) Chrome/111.0.0.0 Safari/537.36"
::ffff:127.0.0.1 - - [21/Mar/2023:08:48:01 +0000] "GET /api/v1/products?keyword=&page=1&price[lte]=1000&price[gt]=10&ratings[gte]=0 HTTP/1.1" 304 - "http://localhost:3000/" "Mozilla/5.0 (Windows NT 10.0; Win64; x64) AppleWebKit/537.36 (KHTML, like Gecko) Chrome/111.0.0.0 Safari/537.36"
::ffff:127.0.0.1 - - [21/Mar/2023:09:12:41 +0000] "GET /api/v1/products?keyword=&page=1&price[lte]=1000&price[gt]=10&ratings[gte]=0 HTTP/1.1" 304 - "http://localhost:3000/" "Mozilla/5.0 (Windows NT 10.0; Win64; x64) AppleWebKit/537.36 (KHTML, like Gecko) Chrome/111.0.0.0 Safari/537.36"
::ffff:127.0.0.1 - - [21/Mar/2023:09:12:41 +0000] "GET /api/v1/me HTTP/1.1" 200 347 "http://localhost:3000/" "Mozilla/5.0 (Windows NT 10.0; Win64; x64) AppleWebKit/537.36 (KHTML, like Gecko) Chrome/111.0.0.0 Safari/537.36"
::ffff:127.0.0.1 - - [21/Mar/2023:09:13:29 +0000] "GET /api/v1/products?keyword=&page=1&price[lte]=1000&price[gt]=10&ratings[gte]=0 HTTP/1.1" 304 - "http://localhost:3000/products" "Mozilla/5.0 (Windows NT 10.0; Win64; x64) AppleWebKit/537.36 (KHTML, like Gecko) Chrome/111.0.0.0 Safari/537.36"
::ffff:127.0.0.1 - - [21/Mar/2023:09:13:33 +0000] "GET /api/v1/products?keyword=&page=1&price[lte]=1000&price[gt]=10&ratings[gte]=0&category=Medicines HTTP/1.1" 200 4546 "http://localhost:3000/products" "Mozilla/5.0 (Windows NT 10.0; Win64; x64) AppleWebKit/537.36 (KHTML, like Gecko) Chrome/111.0.0.0 Safari/537.36"
::ffff:127.0.0.1 - - [21/Mar/2023:09:13:35 +0000] "GET /api/v1/products?keyword=&page=1&price[lte]=1000&price[gt]=10&ratings[gte]=0&category=Accessories HTTP/1.1" 200 4750 "http://localhost:3000/products" "Mozilla/5.0 (Windows NT 10.0; Win64; x64) AppleWebKit/537.36 (KHTML, like Gecko) Chrome/111.0.0.0 Safari/537.36"
::ffff:127.0.0.1 - - [21/Mar/2023:09:13:37 +0000] "GET /api/v1/products?keyword=&page=1&price[lte]=1000&price[gt]=10&ratings[gte]=0&category=Food HTTP/1.1" 200 5528 "http://localhost:3000/products" "Mozilla/5.0 (Windows NT 10.0; Win64; x64) AppleWebKit/537.36 (KHTML, like Gecko) Chrome/111.0.0.0 Safari/537.36"
::ffff:127.0.0.1 - - [21/Mar/2023:11:11:35 +0000] "GET /api/v1/me HTTP/1.1" 304 - "http://localhost:3000/products" "Mozilla/5.0 (Windows NT 10.0; Win64; x64) AppleWebKit/537.36 (KHTML, like Gecko) Chrome/111.0.0.0 Safari/537.36"
::ffff:127.0.0.1 - - [21/Mar/2023:11:11:35 +0000] "GET /api/v1/products?keyword=&page=1&price[lte]=1000&price[gt]=10&ratings[gte]=0 HTTP/1.1" 304 - "http://localhost:3000/products" "Mozilla/5.0 (Windows NT 10.0; Win64; x64) AppleWebKit/537.36 (KHTML, like Gecko) Chrome/111.0.0.0 Safari/537.36"
::ffff:127.0.0.1 - - [21/Mar/2023:11:12:06 +0000] "GET /api/v1/orders/me HTTP/1.1" 200 28 "http://localhost:3000/orders/me" "Mozilla/5.0 (Windows NT 10.0; Win64; x64) AppleWebKit/537.36 (KHTML, like Gecko) Chrome/111.0.0.0 Safari/537.36"
::ffff:127.0.0.1 - - [21/Mar/2023:11:12:09 +0000] "GET /api/v1/products?keyword=&page=1&price[lte]=1000&price[gt]=10&ratings[gte]=0 HTTP/1.1" 304 - "http://localhost:3000/products" "Mozilla/5.0 (Windows NT 10.0; Win64; x64) AppleWebKit/537.36 (KHTML, like Gecko) Chrome/111.0.0.0 Safari/537.36"
::ffff:127.0.0.1 - - [21/Mar/2023:11:12:11 +0000] "GET /api/v1/product/6343e90fb41952b98a0c6f26 HTTP/1.1" 200 468 "http://localhost:3000/product/6343e90fb41952b98a0c6f26" "Mozilla/5.0 (Windows NT 10.0; Win64; x64) AppleWebKit/537.36 (KHTML, like Gecko) Chrome/111.0.0.0 Safari/537.36"
::ffff:127.0.0.1 - - [21/Mar/2023:11:12:14 +0000] "GET /api/v1/product/6343e90fb41952b98a0c6f26 HTTP/1.1" 304 - "http://localhost:3000/product/6343e90fb41952b98a0c6f26" "Mozilla/5.0 (Windows NT 10.0; Win64; x64) AppleWebKit/537.36 (KHTML, like Gecko) Chrome/111.0.0.0 Safari/537.36"
::ffff:127.0.0.1 - - [21/Mar/2023:16:50:48 +0000] "GET /api/v1/me HTTP/1.1" 500 1381 "http://localhost:3000/" "Mozilla/5.0 (Windows NT 10.0; Win64; x64) AppleWebKit/537.36 (KHTML, like Gecko) Chrome/111.0.0.0 Safari/537.36"
::ffff:127.0.0.1 - - [21/Mar/2023:16:50:48 +0000] "GET /api/v1/products?keyword=&page=1&price[lte]=1000&price[gt]=10&ratings[gte]=0 HTTP/1.1" 200 5105 "http://localhost:3000/" "Mozilla/5.0 (Windows NT 10.0; Win64; x64) AppleWebKit/537.36 (KHTML, like Gecko) Chrome/111.0.0.0 Safari/537.36"
::1 - - [22/Mar/2023:15:53:12 +0000] "GET /api/v1/api/v1/products HTTP/1.1" 404 161 "http://localhost:4000/api-docs/" "Mozilla/5.0 (Windows NT 10.0; Win64; x64) AppleWebKit/537.36 (KHTML, like Gecko) Chrome/111.0.0.0 Safari/537.36"
::ffff:127.0.0.1 - - [22/Mar/2023:15:53:58 +0000] "GET /api/v1/me HTTP/1.1" 500 1381 "http://localhost:3000/" "Mozilla/5.0 (Windows NT 10.0; Win64; x64) AppleWebKit/537.36 (KHTML, like Gecko) Chrome/111.0.0.0 Safari/537.36"
::ffff:127.0.0.1 - - [22/Mar/2023:15:53:58 +0000] "GET /api/v1/products?keyword=&page=1&price[lte]=1000&price[gt]=10&ratings[gte]=0 HTTP/1.1" 304 - "http://localhost:3000/" "Mozilla/5.0 (Windows NT 10.0; Win64; x64) AppleWebKit/537.36 (KHTML, like Gecko) Chrome/111.0.0.0 Safari/537.36"
::1 - - [22/Mar/2023:16:02:44 +0000] "GET /api/v1/api/v1/products HTTP/1.1" 404 161 "http://localhost:4000/api-docs/" "Mozilla/5.0 (Windows NT 10.0; Win64; x64) AppleWebKit/537.36 (KHTML, like Gecko) Chrome/111.0.0.0 Safari/537.36"
::1 - - [22/Mar/2023:16:04:30 +0000] "GET /api/v1/api/v1/product/6343e90fb41952b98a0c6f26 HTTP/1.1" 404 185 "http://localhost:4000/api-docs/" "Mozilla/5.0 (Windows NT 10.0; Win64; x64) AppleWebKit/537.36 (KHTML, like Gecko) Chrome/111.0.0.0 Safari/537.36"
::1 - - [22/Mar/2023:16:05:02 +0000] "GET /api/v1/api/v1/product/6343e90fb41952b98a0c6f26 HTTP/1.1" 404 185 "-" "Mozilla/5.0 (Windows NT 10.0; Win64; x64) AppleWebKit/537.36 (KHTML, like Gecko) Chrome/111.0.0.0 Safari/537.36"
::1 - - [22/Mar/2023:16:06:46 +0000] "GET /api/v1/product/6343e90fb41952b98a0c6f26 HTTP/1.1" 200 468 "http://localhost:4000/api-docs/" "Mozilla/5.0 (Windows NT 10.0; Win64; x64) AppleWebKit/537.36 (KHTML, like Gecko) Chrome/111.0.0.0 Safari/537.36"
::1 - - [22/Mar/2023:16:06:59 +0000] "GET /api/v1/product/6343e90fb41952b98a0c6f26 HTTP/1.1" 304 - "-" "Mozilla/5.0 (Windows NT 10.0; Win64; x64) AppleWebKit/537.36 (KHTML, like Gecko) Chrome/111.0.0.0 Safari/537.36"
::1 - - [22/Mar/2023:16:07:00 +0000] "GET /favicon.ico HTTP/1.1" 404 150 "http://localhost:4000/api/v1/product/6343e90fb41952b98a0c6f26" "Mozilla/5.0 (Windows NT 10.0; Win64; x64) AppleWebKit/537.36 (KHTML, like Gecko) Chrome/111.0.0.0 Safari/537.36"
::1 - - [22/Mar/2023:16:45:10 +0000] "GET /api/v1/products HTTP/1.1" 200 5105 "http://localhost:4000/api-docs/" "Mozilla/5.0 (Windows NT 10.0; Win64; x64) AppleWebKit/537.36 (KHTML, like Gecko) Chrome/111.0.0.0 Safari/537.36"
::1 - - [22/Mar/2023:16:45:19 +0000] "GET /api/v1/products HTTP/1.1" 304 - "http://localhost:4000/api-docs/" "Mozilla/5.0 (Windows NT 10.0; Win64; x64) AppleWebKit/537.36 (KHTML, like Gecko) Chrome/111.0.0.0 Safari/537.36"
::1 - - [22/Mar/2023:16:45:20 +0000] "GET /api/v1/products HTTP/1.1" 304 - "http://localhost:4000/api-docs/" "Mozilla/5.0 (Windows NT 10.0; Win64; x64) AppleWebKit/537.36 (KHTML, like Gecko) Chrome/111.0.0.0 Safari/537.36"
::ffff:127.0.0.1 - - [24/Mar/2023:09:12:26 +0000] "GET /api/v1/me HTTP/1.1" 500 1381 "http://localhost:3000/" "Mozilla/5.0 (Windows NT 10.0; Win64; x64; rv:109.0) Gecko/20100101 Firefox/111.0"
::ffff:127.0.0.1 - - [24/Mar/2023:09:12:26 +0000] "GET /api/v1/products?keyword=&page=1&price[lte]=1000&price[gt]=10&ratings[gte]=0 HTTP/1.1" 200 5105 "http://localhost:3000/" "Mozilla/5.0 (Windows NT 10.0; Win64; x64; rv:109.0) Gecko/20100101 Firefox/111.0"
::1 - - [24/Mar/2023:09:12:26 +0000] "GET /api/v1/products HTTP/1.1" 304 - "http://localhost:4000/api-docs/" "Mozilla/5.0 (Windows NT 10.0; Win64; x64) AppleWebKit/537.36 (KHTML, like Gecko) Chrome/111.0.0.0 Safari/537.36"
::1 - - [24/Mar/2023:09:13:30 +0000] "GET /api/v1/products HTTP/1.1" 304 - "http://localhost:4000/api-docs/" "Mozilla/5.0 (Windows NT 10.0; Win64; x64) AppleWebKit/537.36 (KHTML, like Gecko) Chrome/111.0.0.0 Safari/537.36"
::1 - - [24/Mar/2023:09:48:01 +0000] "GET /api/v1/products HTTP/1.1" 304 - "http://localhost:4000/api-docs/" "Mozilla/5.0 (Windows NT 10.0; Win64; x64) AppleWebKit/537.36 (KHTML, like Gecko) Chrome/111.0.0.0 Safari/537.36"
::1 - - [24/Mar/2023:09:50:03 +0000] "GET /api/v1/products HTTP/1.1" 304 - "http://localhost:4000/api-docs/" "Mozilla/5.0 (Windows NT 10.0; Win64; x64) AppleWebKit/537.36 (KHTML, like Gecko) Chrome/111.0.0.0 Safari/537.36"
::1 - - [24/Mar/2023:09:50:30 +0000] "GET /api/v1/product/6343e90fb41952b98a0c6f26 HTTP/1.1" 304 - "http://localhost:4000/api-docs/" "Mozilla/5.0 (Windows NT 10.0; Win64; x64) AppleWebKit/537.36 (KHTML, like Gecko) Chrome/111.0.0.0 Safari/537.36"
::1 - - [24/Mar/2023:09:50:53 +0000] "GET /api/v1/me HTTP/1.1" 500 1381 "http://localhost:4000/api-docs/" "Mozilla/5.0 (Windows NT 10.0; Win64; x64) AppleWebKit/537.36 (KHTML, like Gecko) Chrome/111.0.0.0 Safari/537.36"
::ffff:127.0.0.1 - - [24/Mar/2023:10:16:15 +0000] "GET /api/v1/me HTTP/1.1" 500 1381 "http://localhost:3000/register" "Mozilla/5.0 (Windows NT 10.0; Win64; x64; rv:109.0) Gecko/20100101 Firefox/111.0"
::ffff:127.0.0.1 - - [24/Mar/2023:10:23:27 +0000] "GET /api/v1/me HTTP/1.1" 500 1381 "http://localhost:3000/" "Mozilla/5.0 (Windows NT 10.0; Win64; x64; rv:109.0) Gecko/20100101 Firefox/111.0"
::ffff:127.0.0.1 - - [24/Mar/2023:10:23:27 +0000] "GET /api/v1/products?keyword=&page=1&price[lte]=1000&price[gt]=10&ratings[gte]=0 HTTP/1.1" 304 - "http://localhost:3000/" "Mozilla/5.0 (Windows NT 10.0; Win64; x64; rv:109.0) Gecko/20100101 Firefox/111.0"
::ffff:127.0.0.1 - - [25/Mar/2023:03:58:19 +0000] "GET /api/v1/me HTTP/1.1" 500 1381 "http://localhost:3000/login" "Mozilla/5.0 (Windows NT 10.0; Win64; x64) AppleWebKit/537.36 (KHTML, like Gecko) Chrome/111.0.0.0 Safari/537.36"
::1 - - [25/Mar/2023:03:58:59 +0000] "POST /api/v1/login HTTP/1.1" 500 381 "http://localhost:4000/api-docs/" "Mozilla/5.0 (Windows NT 10.0; Win64; x64) AppleWebKit/537.36 (KHTML, like Gecko) Chrome/111.0.0.0 Safari/537.36"
::ffff:127.0.0.1 - - [25/Mar/2023:04:08:38 +0000] "POST /api/v1/register HTTP/1.1" - - "http://localhost:3000/register" "Mozilla/5.0 (Windows NT 10.0; Win64; x64) AppleWebKit/537.36 (KHTML, like Gecko) Chrome/111.0.0.0 Safari/537.36"
::ffff:127.0.0.1 - - [25/Mar/2023:04:12:17 +0000] "GET /api/v1/me HTTP/1.1" 500 1381 "http://localhost:3000/" "Mozilla/5.0 (Windows NT 10.0; Win64; x64; rv:109.0) Gecko/20100101 Firefox/111.0"
::ffff:127.0.0.1 - - [25/Mar/2023:04:12:17 +0000] "GET /api/v1/products?keyword=&page=1&price[lte]=1000&price[gt]=10&ratings[gte]=0 HTTP/1.1" 304 - "http://localhost:3000/" "Mozilla/5.0 (Windows NT 10.0; Win64; x64; rv:109.0) Gecko/20100101 Firefox/111.0"
::1 - - [25/Mar/2023:04:12:40 +0000] "POST /api/v1/login HTTP/1.1" 200 603 "http://localhost:4000/api-docs/" "Mozilla/5.0 (Windows NT 10.0; Win64; x64) AppleWebKit/537.36 (KHTML, like Gecko) Chrome/111.0.0.0 Safari/537.36"
::1 - - [25/Mar/2023:04:27:43 +0000] "GET /api/v1/me HTTP/1.1" 200 347 "http://localhost:4000/api-docs/" "Mozilla/5.0 (Windows NT 10.0; Win64; x64) AppleWebKit/537.36 (KHTML, like Gecko) Chrome/111.0.0.0 Safari/537.36"
::1 - - [25/Mar/2023:04:31:02 +0000] "PUT /api/v1/password/Update HTTP/1.1" 400 1152 "http://localhost:4000/api-docs/" "Mozilla/5.0 (Windows NT 10.0; Win64; x64) AppleWebKit/537.36 (KHTML, like Gecko) Chrome/111.0.0.0 Safari/537.36"
::1 - - [25/Mar/2023:04:31:43 +0000] "PUT /api/v1/password/Update HTTP/1.1" 500 1381 "-" "PostmanRuntime/7.29.2"
::ffff:127.0.0.1 - - [25/Mar/2023:09:36:42 +0000] "GET /api/v1/me HTTP/1.1" 500 1381 "http://localhost:3000/" "Mozilla/5.0 (Windows NT 10.0; Win64; x64; rv:109.0) Gecko/20100101 Firefox/111.0"
::ffff:127.0.0.1 - - [25/Mar/2023:09:36:42 +0000] "GET /api/v1/products?keyword=&page=1&price[lte]=1000&price[gt]=10&ratings[gte]=0 HTTP/1.1" 304 - "http://localhost:3000/" "Mozilla/5.0 (Windows NT 10.0; Win64; x64; rv:109.0) Gecko/20100101 Firefox/111.0"
::ffff:127.0.0.1 - - [25/Mar/2023:09:37:10 +0000] "GET /api/v1/me HTTP/1.1" 500 1381 "http://localhost:3000/login" "Mozilla/5.0 (Windows NT 10.0; Win64; x64) AppleWebKit/537.36 (KHTML, like Gecko) Chrome/111.0.0.0 Safari/537.36"
::1 - - [25/Mar/2023:09:38:27 +0000] "POST /api/v1/login HTTP/1.1" 500 381 "http://localhost:4000/api-docs/" "Mozilla/5.0 (Windows NT 10.0; Win64; x64) AppleWebKit/537.36 (KHTML, like Gecko) Chrome/111.0.0.0 Safari/537.36"
::1 - - [25/Mar/2023:09:38:45 +0000] "POST /api/v1/login HTTP/1.1" 500 381 "http://localhost:4000/api-docs/" "Mozilla/5.0 (Windows NT 10.0; Win64; x64) AppleWebKit/537.36 (KHTML, like Gecko) Chrome/111.0.0.0 Safari/537.36"
::1 - - [25/Mar/2023:09:45:09 +0000] "GET /api/v1/products HTTP/1.1" 304 - "http://localhost:4000/api-docs/" "Mozilla/5.0 (Windows NT 10.0; Win64; x64) AppleWebKit/537.36 (KHTML, like Gecko) Chrome/111.0.0.0 Safari/537.36"
::1 - - [25/Mar/2023:09:45:30 +0000] "GET /api/v1/product/6343e90fb41952b98a0c6f26 HTTP/1.1" 304 - "http://localhost:4000/api-docs/" "Mozilla/5.0 (Windows NT 10.0; Win64; x64) AppleWebKit/537.36 (KHTML, like Gecko) Chrome/111.0.0.0 Safari/537.36"
::1 - - [25/Mar/2023:09:45:41 +0000] "GET /api/v1/me HTTP/1.1" 500 1381 "http://localhost:4000/api-docs/" "Mozilla/5.0 (Windows NT 10.0; Win64; x64) AppleWebKit/537.36 (KHTML, like Gecko) Chrome/111.0.0.0 Safari/537.36"
::ffff:127.0.0.1 - - [25/Mar/2023:09:46:04 +0000] "GET /api/v1/me HTTP/1.1" 500 1381 "http://localhost:3000/" "Mozilla/5.0 (Windows NT 10.0; Win64; x64) AppleWebKit/537.36 (KHTML, like Gecko) Chrome/111.0.0.0 Safari/537.36"
::ffff:127.0.0.1 - - [25/Mar/2023:09:46:04 +0000] "GET /api/v1/products?keyword=&page=1&price[lte]=1000&price[gt]=10&ratings[gte]=0 HTTP/1.1" 304 - "http://localhost:3000/" "Mozilla/5.0 (Windows NT 10.0; Win64; x64) AppleWebKit/537.36 (KHTML, like Gecko) Chrome/111.0.0.0 Safari/537.36"
::1 - - [25/Mar/2023:09:46:19 +0000] "POST /api/v1/login HTTP/1.1" 500 381 "http://localhost:4000/api-docs/" "Mozilla/5.0 (Windows NT 10.0; Win64; x64) AppleWebKit/537.36 (KHTML, like Gecko) Chrome/111.0.0.0 Safari/537.36"
::1 - - [25/Mar/2023:09:47:00 +0000] "POST /api/v1/login HTTP/1.1" 200 603 "http://localhost:4000/api-docs/" "Mozilla/5.0 (Windows NT 10.0; Win64; x64) AppleWebKit/537.36 (KHTML, like Gecko) Chrome/111.0.0.0 Safari/537.36"
::1 - - [25/Mar/2023:09:52:36 +0000] "POST /api/v1/login HTTP/1.1" 200 603 "http://localhost:4000/api-docs/" "Mozilla/5.0 (Windows NT 10.0; Win64; x64) AppleWebKit/537.36 (KHTML, like Gecko) Chrome/111.0.0.0 Safari/537.36"
::1 - - [25/Mar/2023:09:53:08 +0000] "GET /api/v1/me HTTP/1.1" 200 347 "http://localhost:4000/api-docs/" "Mozilla/5.0 (Windows NT 10.0; Win64; x64) AppleWebKit/537.36 (KHTML, like Gecko) Chrome/111.0.0.0 Safari/537.36"
::ffff:127.0.0.1 - - [25/Mar/2023:09:59:57 +0000] "POST /api/v1/login HTTP/1.1" 200 603 "http://localhost:3000/login" "Mozilla/5.0 (Windows NT 10.0; Win64; x64) AppleWebKit/537.36 (KHTML, like Gecko) Chrome/111.0.0.0 Safari/537.36"
::ffff:127.0.0.1 - - [25/Mar/2023:09:59:57 +0000] "GET /api/v1/products?keyword=&page=1&price[lte]=1000&price[gt]=10&ratings[gte]=0 HTTP/1.1" 304 - "http://localhost:3000/" "Mozilla/5.0 (Windows NT 10.0; Win64; x64) AppleWebKit/537.36 (KHTML, like Gecko) Chrome/111.0.0.0 Safari/537.36"
::1 - - [25/Mar/2023:10:00:32 +0000] "PUT /api/v1/me/update HTTP/1.1" 400 1152 "http://localhost:4000/api-docs/" "Mozilla/5.0 (Windows NT 10.0; Win64; x64) AppleWebKit/537.36 (KHTML, like Gecko) Chrome/111.0.0.0 Safari/537.36"
::1 - - [25/Mar/2023:10:09:20 +0000] "GET /api/v1/me HTTP/1.1" 304 - "http://localhost:4000/api-docs/" "Mozilla/5.0 (Windows NT 10.0; Win64; x64) AppleWebKit/537.36 (KHTML, like Gecko) Chrome/111.0.0.0 Safari/537.36"
::1 - - [25/Mar/2023:10:10:12 +0000] "PUT /api/v1/me/update HTTP/1.1" 400 1152 "http://localhost:4000/api-docs/" "Mozilla/5.0 (Windows NT 10.0; Win64; x64) AppleWebKit/537.36 (KHTML, like Gecko) Chrome/111.0.0.0 Safari/537.36"
::1 - - [25/Mar/2023:10:13:25 +0000] "PUT /api/v1/me/update HTTP/1.1" 500 142 "http://localhost:4000/api-docs/" "Mozilla/5.0 (Windows NT 10.0; Win64; x64) AppleWebKit/537.36 (KHTML, like Gecko) Chrome/111.0.0.0 Safari/537.36"
::1 - - [25/Mar/2023:10:14:35 +0000] "PUT /api/v1/me/update HTTP/1.1" 500 142 "http://localhost:4000/api-docs/" "Mozilla/5.0 (Windows NT 10.0; Win64; x64) AppleWebKit/537.36 (KHTML, like Gecko) Chrome/111.0.0.0 Safari/537.36"
::1 - - [25/Mar/2023:10:16:05 +0000] "PUT /api/v1/me/update HTTP/1.1" 500 142 "http://localhost:4000/api-docs/" "Mozilla/5.0 (Windows NT 10.0; Win64; x64) AppleWebKit/537.36 (KHTML, like Gecko) Chrome/111.0.0.0 Safari/537.36"
::1 - - [25/Mar/2023:10:21:03 +0000] "PUT /api/v1/me/update HTTP/1.1" 500 142 "http://localhost:4000/api-docs/" "Mozilla/5.0 (Windows NT 10.0; Win64; x64) AppleWebKit/537.36 (KHTML, like Gecko) Chrome/111.0.0.0 Safari/537.36"
::1 - - [25/Mar/2023:10:22:50 +0000] "PUT /api/v1/password/Update HTTP/1.1" 400 1152 "http://localhost:4000/api-docs/" "Mozilla/5.0 (Windows NT 10.0; Win64; x64) AppleWebKit/537.36 (KHTML, like Gecko) Chrome/111.0.0.0 Safari/537.36"
::1 - - [25/Mar/2023:10:23:18 +0000] "GET /api/v1/me HTTP/1.1" 304 - "http://localhost:4000/api-docs/" "Mozilla/5.0 (Windows NT 10.0; Win64; x64) AppleWebKit/537.36 (KHTML, like Gecko) Chrome/111.0.0.0 Safari/537.36"
::1 - - [25/Mar/2023:10:23:31 +0000] "PUT /api/v1/password/Update HTTP/1.1" 400 1152 "http://localhost:4000/api-docs/" "Mozilla/5.0 (Windows NT 10.0; Win64; x64) AppleWebKit/537.36 (KHTML, like Gecko) Chrome/111.0.0.0 Safari/537.36"
::1 - - [25/Mar/2023:10:24:25 +0000] "PUT /api/v1/password/Update HTTP/1.1" 400 1152 "http://localhost:4000/api-docs/" "Mozilla/5.0 (Windows NT 10.0; Win64; x64) AppleWebKit/537.36 (KHTML, like Gecko) Chrome/111.0.0.0 Safari/537.36"
::1 - - [25/Mar/2023:10:26:34 +0000] "GET /api/v1/products HTTP/1.1" 304 - "http://localhost:4000/api-docs/" "Mozilla/5.0 (Windows NT 10.0; Win64; x64) AppleWebKit/537.36 (KHTML, like Gecko) Chrome/111.0.0.0 Safari/537.36"
::1 - - [25/Mar/2023:10:28:46 +0000] "GET /api/v1/products HTTP/1.1" 304 - "http://localhost:4000/api-docs/" "Mozilla/5.0 (Windows NT 10.0; Win64; x64) AppleWebKit/537.36 (KHTML, like Gecko) Chrome/111.0.0.0 Safari/537.36"
::1 - - [25/Mar/2023:10:29:02 +0000] "POST /api/v1/order/new HTTP/1.1" 400 1152 "http://localhost:4000/api-docs/" "Mozilla/5.0 (Windows NT 10.0; Win64; x64) AppleWebKit/537.36 (KHTML, like Gecko) Chrome/111.0.0.0 Safari/537.36"
::1 - - [25/Mar/2023:10:29:32 +0000] "POST /api/v1/order/new HTTP/1.1" 400 1152 "http://localhost:4000/api-docs/" "Mozilla/5.0 (Windows NT 10.0; Win64; x64) AppleWebKit/537.36 (KHTML, like Gecko) Chrome/111.0.0.0 Safari/537.36"
::1 - - [25/Mar/2023:10:29:47 +0000] "POST /api/v1/order/new HTTP/1.1" 500 1381 "-" "PostmanRuntime/7.29.2"
::ffff:127.0.0.1 - - [25/Mar/2023:10:31:08 +0000] "GET /api/v1/orders/me HTTP/1.1" 200 28 "http://localhost:3000/orders/me" "Mozilla/5.0 (Windows NT 10.0; Win64; x64) AppleWebKit/537.36 (KHTML, like Gecko) Chrome/111.0.0.0 Safari/537.36"
::ffff:127.0.0.1 - - [25/Mar/2023:10:31:22 +0000] "POST /api/v1/order/new HTTP/1.1" 500 672 "http://localhost:3000/confirm" "Mozilla/5.0 (Windows NT 10.0; Win64; x64) AppleWebKit/537.36 (KHTML, like Gecko) Chrome/111.0.0.0 Safari/537.36"
::ffff:127.0.0.1 - - [25/Mar/2023:10:31:23 +0000] "GET /api/v1/orders/me HTTP/1.1" 304 - "http://localhost:3000/orders/me" "Mozilla/5.0 (Windows NT 10.0; Win64; x64) AppleWebKit/537.36 (KHTML, like Gecko) Chrome/111.0.0.0 Safari/537.36"
::ffff:127.0.0.1 - - [25/Mar/2023:10:31:42 +0000] "GET /api/v1/orders/me HTTP/1.1" 304 - "http://localhost:3000/orders/me" "Mozilla/5.0 (Windows NT 10.0; Win64; x64) AppleWebKit/537.36 (KHTML, like Gecko) Chrome/111.0.0.0 Safari/537.36"
::ffff:127.0.0.1 - - [25/Mar/2023:10:32:09 +0000] "POST /api/v1/order/new HTTP/1.1" 500 672 "http://localhost:3000/confirm" "Mozilla/5.0 (Windows NT 10.0; Win64; x64) AppleWebKit/537.36 (KHTML, like Gecko) Chrome/111.0.0.0 Safari/537.36"
::ffff:127.0.0.1 - - [25/Mar/2023:10:32:12 +0000] "GET /api/v1/orders/me HTTP/1.1" 304 - "http://localhost:3000/orders/me" "Mozilla/5.0 (Windows NT 10.0; Win64; x64) AppleWebKit/537.36 (KHTML, like Gecko) Chrome/111.0.0.0 Safari/537.36"
::1 - - [25/Mar/2023:10:34:21 +0000] "GET /api/v1/orders/me HTTP/1.1" 200 28 "http://localhost:4000/api-docs/" "Mozilla/5.0 (Windows NT 10.0; Win64; x64) AppleWebKit/537.36 (KHTML, like Gecko) Chrome/111.0.0.0 Safari/537.36"
::1 - - [25/Mar/2023:10:35:40 +0000] "POST /api/v1/order/new HTTP/1.1" 400 1152 "http://localhost:4000/api-docs/" "Mozilla/5.0 (Windows NT 10.0; Win64; x64) AppleWebKit/537.36 (KHTML, like Gecko) Chrome/111.0.0.0 Safari/537.36"
::1 - - [25/Mar/2023:10:47:17 +0000] "GET /api/v1/logout HTTP/1.1" 200 39 "http://localhost:4000/api-docs/" "Mozilla/5.0 (Windows NT 10.0; Win64; x64) AppleWebKit/537.36 (KHTML, like Gecko) Chrome/111.0.0.0 Safari/537.36"
::ffff:127.0.0.1 - - [25/Mar/2023:10:47:48 +0000] "GET /api/v1/me HTTP/1.1" 500 1381 "http://localhost:3000/confirm" "Mozilla/5.0 (Windows NT 10.0; Win64; x64) AppleWebKit/537.36 (KHTML, like Gecko) Chrome/111.0.0.0 Safari/537.36"
::ffff:127.0.0.1 - - [25/Mar/2023:10:47:52 +0000] "GET /api/v1/me HTTP/1.1" 500 1381 "http://localhost:3000/confirm/shippping" "Mozilla/5.0 (Windows NT 10.0; Win64; x64) AppleWebKit/537.36 (KHTML, like Gecko) Chrome/111.0.0.0 Safari/537.36"
::ffff:127.0.0.1 - - [25/Mar/2023:10:47:59 +0000] "POST /api/v1/order/new HTTP/1.1" 500 1381 "http://localhost:3000/confirm" "Mozilla/5.0 (Windows NT 10.0; Win64; x64) AppleWebKit/537.36 (KHTML, like Gecko) Chrome/111.0.0.0 Safari/537.36"
::ffff:127.0.0.1 - - [25/Mar/2023:10:48:02 +0000] "GET /api/v1/products?keyword=&page=1&price[lte]=1000&price[gt]=10&ratings[gte]=0 HTTP/1.1" 304 - "http://localhost:3000/products" "Mozilla/5.0 (Windows NT 10.0; Win64; x64) AppleWebKit/537.36 (KHTML, like Gecko) Chrome/111.0.0.0 Safari/537.36"
::ffff:127.0.0.1 - - [25/Mar/2023:10:48:04 +0000] "GET /api/v1/product/6343e90fb41952b98a0c6f26 HTTP/1.1" 304 - "http://localhost:3000/product/6343e90fb41952b98a0c6f26" "Mozilla/5.0 (Windows NT 10.0; Win64; x64) AppleWebKit/537.36 (KHTML, like Gecko) Chrome/111.0.0.0 Safari/537.36"
::ffff:127.0.0.1 - - [25/Mar/2023:10:48:06 +0000] "GET /api/v1/product/6343e90fb41952b98a0c6f26 HTTP/1.1" 304 - "http://localhost:3000/product/6343e90fb41952b98a0c6f26" "Mozilla/5.0 (Windows NT 10.0; Win64; x64) AppleWebKit/537.36 (KHTML, like Gecko) Chrome/111.0.0.0 Safari/537.36"
::ffff:127.0.0.1 - - [25/Mar/2023:10:48:12 +0000] "POST /api/v1/login HTTP/1.1" 200 603 "http://localhost:3000/login?redirect=shipping" "Mozilla/5.0 (Windows NT 10.0; Win64; x64) AppleWebKit/537.36 (KHTML, like Gecko) Chrome/111.0.0.0 Safari/537.36"
::ffff:127.0.0.1 - - [25/Mar/2023:10:48:29 +0000] "POST /api/v1/order/new HTTP/1.1" 200 662 "http://localhost:3000/confirm" "Mozilla/5.0 (Windows NT 10.0; Win64; x64) AppleWebKit/537.36 (KHTML, like Gecko) Chrome/111.0.0.0 Safari/537.36"
::ffff:127.0.0.1 - - [25/Mar/2023:10:48:31 +0000] "GET /api/v1/orders/me HTTP/1.1" 200 665 "http://localhost:3000/orders/me" "Mozilla/5.0 (Windows NT 10.0; Win64; x64) AppleWebKit/537.36 (KHTML, like Gecko) Chrome/111.0.0.0 Safari/537.36"
::1 - - [25/Mar/2023:10:52:54 +0000] "POST /api/v1/login HTTP/1.1" 200 603 "http://localhost:4000/api-docs/" "Mozilla/5.0 (Windows NT 10.0; Win64; x64) AppleWebKit/537.36 (KHTML, like Gecko) Chrome/111.0.0.0 Safari/537.36"
::1 - - [25/Mar/2023:10:53:12 +0000] "GET /api/v1/orders/me HTTP/1.1" 200 665 "http://localhost:4000/api-docs/" "Mozilla/5.0 (Windows NT 10.0; Win64; x64) AppleWebKit/537.36 (KHTML, like Gecko) Chrome/111.0.0.0 Safari/537.36"
::1 - - [25/Mar/2023:11:00:03 +0000] "GET /api/v1/orders/me HTTP/1.1" 304 - "http://localhost:4000/api-docs/" "Mozilla/5.0 (Windows NT 10.0; Win64; x64) AppleWebKit/537.36 (KHTML, like Gecko) Chrome/111.0.0.0 Safari/537.36"
::1 - - [25/Mar/2023:11:29:32 +0000] "GET /api/v1/orders/me HTTP/1.1" 304 - "http://localhost:4000/api-docs/" "Mozilla/5.0 (Windows NT 10.0; Win64; x64) AppleWebKit/537.36 (KHTML, like Gecko) Chrome/111.0.0.0 Safari/537.36"
::1 - - [25/Mar/2023:11:29:50 +0000] "GET /api/v1/me HTTP/1.1" 304 - "http://localhost:4000/api-docs/" "Mozilla/5.0 (Windows NT 10.0; Win64; x64) AppleWebKit/537.36 (KHTML, like Gecko) Chrome/111.0.0.0 Safari/537.36"
::1 - - [25/Mar/2023:11:30:33 +0000] "GET /api/v1/products HTTP/1.1" 304 - "http://localhost:4000/api-docs/" "Mozilla/5.0 (Windows NT 10.0; Win64; x64) AppleWebKit/537.36 (KHTML, like Gecko) Chrome/111.0.0.0 Safari/537.36"
::1 - - [25/Mar/2023:11:33:55 +0000] "GET /api/v1/me HTTP/1.1" 304 - "http://localhost:4000/api-docs/" "Mozilla/5.0 (Windows NT 10.0; Win64; x64) AppleWebKit/537.36 (KHTML, like Gecko) Chrome/111.0.0.0 Safari/537.36"
::1 - - [25/Mar/2023:11:34:22 +0000] "GET /api/v1/products HTTP/1.1" 304 - "http://localhost:4000/api-docs/" "Mozilla/5.0 (Windows NT 10.0; Win64; x64) AppleWebKit/537.36 (KHTML, like Gecko) Chrome/111.0.0.0 Safari/537.36"
::1 - - [25/Mar/2023:11:34:45 +0000] "PUT /api/v1/review HTTP/1.1" 200 16 "http://localhost:4000/api-docs/" "Mozilla/5.0 (Windows NT 10.0; Win64; x64) AppleWebKit/537.36 (KHTML, like Gecko) Chrome/111.0.0.0 Safari/537.36"
::1 - - [25/Mar/2023:11:38:22 +0000] "GET /api/v1/products HTTP/1.1" 200 5221 "http://localhost:4000/api-docs/" "Mozilla/5.0 (Windows NT 10.0; Win64; x64) AppleWebKit/537.36 (KHTML, like Gecko) Chrome/111.0.0.0 Safari/537.36"
::1 - - [25/Mar/2023:11:38:37 +0000] "GET /api/v1/reviews?{id} HTTP/1.1" 500 394 "http://localhost:4000/api-docs/" "Mozilla/5.0 (Windows NT 10.0; Win64; x64) AppleWebKit/537.36 (KHTML, like Gecko) Chrome/111.0.0.0 Safari/537.36"
