::1 - - [25/Mar/2023:11:40:58 +0000] "GET /api/v1/products HTTP/1.1" 304 - "http://localhost:4000/api-docs/" "Mozilla/5.0 (Windows NT 10.0; Win64; x64) AppleWebKit/537.36 (KHTML, like Gecko) Chrome/111.0.0.0 Safari/537.36"
::1 - - [25/Mar/2023:11:41:13 +0000] "GET /api/v1/reviews HTTP/1.1" 500 394 "http://localhost:4000/api-docs/" "Mozilla/5.0 (Windows NT 10.0; Win64; x64) AppleWebKit/537.36 (KHTML, like Gecko) Chrome/111.0.0.0 Safari/537.36"
::1 - - [25/Mar/2023:11:41:28 +0000] "GET /api/v1/reviews HTTP/1.1" 500 394 "-" "Mozilla/5.0 (Windows NT 10.0; Win64; x64) AppleWebKit/537.36 (KHTML, like Gecko) Chrome/111.0.0.0 Safari/537.36"
::1 - - [25/Mar/2023:11:44:48 +0000] "GET /api/v1/reviews?id=6343e90fb41952b98a0c6f22 HTTP/1.1" 500 394 "-" "Mozilla/5.0 (Windows NT 10.0; Win64; x64) AppleWebKit/537.36 (KHTML, like Gecko) Chrome/111.0.0.0 Safari/537.36"
::1 - - [25/Mar/2023:11:45:53 +0000] "GET /api/v1/reviews?id=6343e90fb41952b98a0c6f22 HTTP/1.1" 500 394 "-" "Mozilla/5.0 (Windows NT 10.0; Win64; x64) AppleWebKit/537.36 (KHTML, like Gecko) Chrome/111.0.0.0 Safari/537.36"
::1 - - [25/Mar/2023:11:46:15 +0000] "GET /api/v1/reviews/?id={id} HTTP/1.1" 500 597 "http://localhost:4000/api-docs/" "Mozilla/5.0 (Windows NT 10.0; Win64; x64) AppleWebKit/537.36 (KHTML, like Gecko) Chrome/111.0.0.0 Safari/537.36"
::1 - - [25/Mar/2023:11:47:01 +0000] "GET /api/v1/reviews/?id=6343e90fb41952b98a0c6f22 HTTP/1.1" 500 394 "http://localhost:4000/api-docs/" "Mozilla/5.0 (Windows NT 10.0; Win64; x64) AppleWebKit/537.36 (KHTML, like Gecko) Chrome/111.0.0.0 Safari/537.36"
::1 - - [25/Mar/2023:11:47:13 +0000] "GET /api/v1/reviews?id=6343e90fb41952b98a0c6f22 HTTP/1.1" 500 1381 "-" "PostmanRuntime/7.29.2"
::1 - - [25/Mar/2023:11:47:23 +0000] "POST /api/v1/login HTTP/1.1" 500 468 "-" "PostmanRuntime/7.29.2"
::1 - - [25/Mar/2023:11:48:20 +0000] "POST /api/v1/login HTTP/1.1" 200 603 "-" "PostmanRuntime/7.29.2"
::1 - - [25/Mar/2023:11:48:28 +0000] "GET /api/v1/reviews?id=6343e90fb41952b98a0c6f22 HTTP/1.1" 500 394 "-" "PostmanRuntime/7.29.2"
::1 - - [25/Mar/2023:11:48:43 +0000] "GET /api/v1/reviews/6343e90fb41952b98a0c6f22 HTTP/1.1" 404 178 "-" "PostmanRuntime/7.29.2"
::1 - - [25/Mar/2023:11:49:24 +0000] "GET /api/v1/reviews HTTP/1.1" 500 394 "-" "PostmanRuntime/7.29.2"
::1 - - [25/Mar/2023:11:50:44 +0000] "GET /api/v1/reviews?id=6343e90fb41952b98a0c6f22 HTTP/1.1" 500 394 "-" "PostmanRuntime/7.29.2"
::1 - - [25/Mar/2023:11:51:12 +0000] "PUT /api/v1/review HTTP/1.1" 500 394 "-" "PostmanRuntime/7.29.2"
::1 - - [25/Mar/2023:11:51:25 +0000] "GET /api/v1/reviews?id=6343e90fb41952b98a0c6f22 HTTP/1.1" 500 394 "-" "PostmanRuntime/7.29.2"
::1 - - [25/Mar/2023:11:53:28 +0000] "GET /api/v1/reviews/?id=6343e90fb41952b98a0c6f22 HTTP/1.1" 500 394 "http://localhost:4000/api-docs/" "Mozilla/5.0 (Windows NT 10.0; Win64; x64) AppleWebKit/537.36 (KHTML, like Gecko) Chrome/111.0.0.0 Safari/537.36"
::1 - - [25/Mar/2023:11:54:17 +0000] "GET /api/v1/reviews?id=6343e90fb41952b98a0c6f22 HTTP/1.1" 500 394 "http://localhost:4000/api-docs/" "Mozilla/5.0 (Windows NT 10.0; Win64; x64) AppleWebKit/537.36 (KHTML, like Gecko) Chrome/111.0.0.0 Safari/537.36"
::1 - - [25/Mar/2023:11:54:59 +0000] "GET /api/v1/me HTTP/1.1" 304 - "http://localhost:4000/api-docs/" "Mozilla/5.0 (Windows NT 10.0; Win64; x64) AppleWebKit/537.36 (KHTML, like Gecko) Chrome/111.0.0.0 Safari/537.36"
::1 - - [25/Mar/2023:11:55:29 +0000] "PUT /api/v1/review HTTP/1.1" 500 394 "http://localhost:4000/api-docs/" "Mozilla/5.0 (Windows NT 10.0; Win64; x64) AppleWebKit/537.36 (KHTML, like Gecko) Chrome/111.0.0.0 Safari/537.36"
::1 - - [25/Mar/2023:13:11:18 +0000] "PUT /api/v1/review HTTP/1.1" 500 394 "-" "PostmanRuntime/7.29.2"
::1 - - [25/Mar/2023:13:13:01 +0000] "GET /api/v1/me HTTP/1.1" 200 347 "-" "PostmanRuntime/7.29.2"
::1 - - [25/Mar/2023:13:13:28 +0000] "PUT /api/v1/review HTTP/1.1" 500 394 "-" "PostmanRuntime/7.29.2"
::1 - - [25/Mar/2023:13:16:47 +0000] "GET /api/v1/reviews?id=6343e90fb41952b98a0c6f22 HTTP/1.1" 500 394 "-" "PostmanRuntime/7.29.2"
::1 - - [25/Mar/2023:13:18:22 +0000] "GET /api/v1/me HTTP/1.1" 304 - "http://localhost:4000/api-docs/" "Mozilla/5.0 (Windows NT 10.0; Win64; x64) AppleWebKit/537.36 (KHTML, like Gecko) Chrome/111.0.0.0 Safari/537.36"
::ffff:127.0.0.1 - - [25/Mar/2023:13:18:40 +0000] "GET /api/v1/me HTTP/1.1" 500 1381 "http://localhost:3000/" "Mozilla/5.0 (Windows NT 10.0; Win64; x64; rv:109.0) Gecko/20100101 Firefox/111.0"
::ffff:127.0.0.1 - - [25/Mar/2023:13:18:40 +0000] "GET /api/v1/products?keyword=&page=1&price[lte]=1000&price[gt]=10&ratings[gte]=0 HTTP/1.1" 200 5221 "http://localhost:3000/" "Mozilla/5.0 (Windows NT 10.0; Win64; x64; rv:109.0) Gecko/20100101 Firefox/111.0"
::1 - - [25/Mar/2023:13:18:56 +0000] "GET /api/v1/products HTTP/1.1" 304 - "http://localhost:4000/api-docs/" "Mozilla/5.0 (Windows NT 10.0; Win64; x64) AppleWebKit/537.36 (KHTML, like Gecko) Chrome/111.0.0.0 Safari/537.36"
::1 - - [25/Mar/2023:13:19:19 +0000] "PUT /api/v1/review HTTP/1.1" 200 16 "http://localhost:4000/api-docs/" "Mozilla/5.0 (Windows NT 10.0; Win64; x64) AppleWebKit/537.36 (KHTML, like Gecko) Chrome/111.0.0.0 Safari/537.36"
::1 - - [25/Mar/2023:13:19:49 +0000] "GET /api/v1/reviews?id=6343e90fb41952b98a0c6f26 HTTP/1.1" 200 260 "http://localhost:4000/api-docs/" "Mozilla/5.0 (Windows NT 10.0; Win64; x64) AppleWebKit/537.36 (KHTML, like Gecko) Chrome/111.0.0.0 Safari/537.36"
::1 - - [25/Mar/2023:13:25:39 +0000] "GET /api/v1/orders/me HTTP/1.1" 304 - "http://localhost:4000/api-docs/" "Mozilla/5.0 (Windows NT 10.0; Win64; x64) AppleWebKit/537.36 (KHTML, like Gecko) Chrome/111.0.0.0 Safari/537.36"
::1 - - [25/Mar/2023:13:28:06 +0000] "GET /api/v1/order/641ed17dead8e797303a6008 HTTP/1.1" 200 720 "http://localhost:4000/api-docs/" "Mozilla/5.0 (Windows NT 10.0; Win64; x64) AppleWebKit/537.36 (KHTML, like Gecko) Chrome/111.0.0.0 Safari/537.36"
::1 - - [25/Mar/2023:13:29:18 +0000] "GET /api/v1/products HTTP/1.1" 200 5336 "http://localhost:4000/api-docs/" "Mozilla/5.0 (Windows NT 10.0; Win64; x64) AppleWebKit/537.36 (KHTML, like Gecko) Chrome/111.0.0.0 Safari/537.36"
::1 - - [25/Mar/2023:13:29:42 +0000] "POST /api/v1/order/new HTTP/1.1" 400 1152 "http://localhost:4000/api-docs/" "Mozilla/5.0 (Windows NT 10.0; Win64; x64) AppleWebKit/537.36 (KHTML, like Gecko) Chrome/111.0.0.0 Safari/537.36"
::1 - - [25/Mar/2023:13:30:22 +0000] "POST /api/v1/order/new HTTP/1.1" 200 749 "-" "PostmanRuntime/7.29.2"
::1 - - [25/Mar/2023:14:10:05 +0000] "GET /api/v1/products HTTP/1.1" 304 - "http://localhost:4000/api-docs/" "Mozilla/5.0 (Windows NT 10.0; Win64; x64) AppleWebKit/537.36 (KHTML, like Gecko) Chrome/111.0.0.0 Safari/537.36"
::1 - - [25/Mar/2023:14:10:39 +0000] "GET /api/v1/product/635d589baa2f80660653f74a HTTP/1.1" 200 505 "http://localhost:4000/api-docs/" "Mozilla/5.0 (Windows NT 10.0; Win64; x64) AppleWebKit/537.36 (KHTML, like Gecko) Chrome/111.0.0.0 Safari/537.36"
::1 - - [25/Mar/2023:14:25:48 +0000] "POST /api/v1/password/forgot HTTP/1.1" 500 474 "-" "PostmanRuntime/7.29.2"
::ffff:127.0.0.1 - - [25/Mar/2023:14:26:34 +0000] "GET /api/v1/me HTTP/1.1" 500 1381 "http://localhost:3000/login" "Mozilla/5.0 (Windows NT 10.0; Win64; x64) AppleWebKit/537.36 (KHTML, like Gecko) Chrome/111.0.0.0 Safari/537.36"
::1 - - [25/Mar/2023:14:26:54 +0000] "POST /api/v1/password/forgot HTTP/1.1" 200 61 "-" "PostmanRuntime/7.29.2"
::1 - - [25/Mar/2023:14:29:25 +0000] "POST /api/v1/password/forgot HTTP/1.1" 400 1152 "http://localhost:4000/api-docs/" "Mozilla/5.0 (Windows NT 10.0; Win64; x64) AppleWebKit/537.36 (KHTML, like Gecko) Chrome/111.0.0.0 Safari/537.36"
::1 - - [25/Mar/2023:14:29:53 +0000] "POST /api/v1/password/forgot HTTP/1.1" 400 1152 "http://localhost:4000/api-docs/" "Mozilla/5.0 (Windows NT 10.0; Win64; x64) AppleWebKit/537.36 (KHTML, like Gecko) Chrome/111.0.0.0 Safari/537.36"
::1 - - [25/Mar/2023:14:30:05 +0000] "GET /api/v1/password/forgot HTTP/1.1" 404 161 "-" "Mozilla/5.0 (Windows NT 10.0; Win64; x64) AppleWebKit/537.36 (KHTML, like Gecko) Chrome/111.0.0.0 Safari/537.36"
::1 - - [25/Mar/2023:14:30:18 +0000] "GET /api/v1/password/forgot/teegelakshaya@gmail.com HTTP/1.1" 404 185 "-" "Mozilla/5.0 (Windows NT 10.0; Win64; x64) AppleWebKit/537.36 (KHTML, like Gecko) Chrome/111.0.0.0 Safari/537.36"
::1 - - [25/Mar/2023:14:30:38 +0000] "POST /api/v1/password/forgot HTTP/1.1" 200 68 "-" "PostmanRuntime/7.29.2"
::1 - - [25/Mar/2023:14:32:54 +0000] "POST /api/v1/password/forgot HTTP/1.1" 400 1152 "http://localhost:4000/api-docs/" "Mozilla/5.0 (Windows NT 10.0; Win64; x64) AppleWebKit/537.36 (KHTML, like Gecko) Chrome/111.0.0.0 Safari/537.36"
::ffff:127.0.0.1 - - [25/Mar/2023:14:33:30 +0000] "GET /api/v1/me HTTP/1.1" 500 1381 "http://localhost:3000/" "Mozilla/5.0 (Windows NT 10.0; Win64; x64; rv:109.0) Gecko/20100101 Firefox/111.0"
::ffff:127.0.0.1 - - [25/Mar/2023:14:33:30 +0000] "GET /api/v1/products?keyword=&page=1&price[lte]=1000&price[gt]=10&ratings[gte]=0 HTTP/1.1" 200 5336 "http://localhost:3000/" "Mozilla/5.0 (Windows NT 10.0; Win64; x64; rv:109.0) Gecko/20100101 Firefox/111.0"
::1 - - [25/Mar/2023:14:34:33 +0000] "POST /api/v1/password/forgot HTTP/1.1" 400 1152 "http://localhost:4000/api-docs/" "Mozilla/5.0 (Windows NT 10.0; Win64; x64) AppleWebKit/537.36 (KHTML, like Gecko) Chrome/111.0.0.0 Safari/537.36"
::1 - - [25/Mar/2023:14:34:49 +0000] "GET /api/v1/me HTTP/1.1" 500 1381 "http://localhost:4000/api-docs/" "Mozilla/5.0 (Windows NT 10.0; Win64; x64) AppleWebKit/537.36 (KHTML, like Gecko) Chrome/111.0.0.0 Safari/537.36"
::ffff:127.0.0.1 - - [25/Mar/2023:14:36:26 +0000] "GET /main.9b492012917095f0d705.hot-update.json HTTP/1.1" 404 180 "http://localhost:3000/" "Mozilla/5.0 (Windows NT 10.0; Win64; x64; rv:109.0) Gecko/20100101 Firefox/111.0"
::ffff:127.0.0.1 - - [25/Mar/2023:14:36:28 +0000] "GET /main.9b492012917095f0d705.hot-update.json HTTP/1.1" 404 180 "http://localhost:3000/login" "Mozilla/5.0 (Windows NT 10.0; Win64; x64) AppleWebKit/537.36 (KHTML, like Gecko) Chrome/111.0.0.0 Safari/537.36"
::ffff:127.0.0.1 - - [25/Mar/2023:14:36:28 +0000] "GET /api/v1/me HTTP/1.1" 500 1381 "http://localhost:3000/" "Mozilla/5.0 (Windows NT 10.0; Win64; x64; rv:109.0) Gecko/20100101 Firefox/111.0"
::ffff:127.0.0.1 - - [25/Mar/2023:14:36:28 +0000] "GET /api/v1/me HTTP/1.1" 500 1381 "http://localhost:3000/" "Mozilla/5.0 (Windows NT 10.0; Win64; x64; rv:109.0) Gecko/20100101 Firefox/111.0"
::ffff:127.0.0.1 - - [25/Mar/2023:14:36:29 +0000] "GET /api/v1/products?keyword=&page=1&price[lte]=1000&price[gt]=10&ratings[gte]=0 HTTP/1.1" 304 - "http://localhost:3000/" "Mozilla/5.0 (Windows NT 10.0; Win64; x64; rv:109.0) Gecko/20100101 Firefox/111.0"
::ffff:127.0.0.1 - - [25/Mar/2023:14:36:29 +0000] "GET /api/v1/products?keyword=&page=1&price[lte]=1000&price[gt]=10&ratings[gte]=0 HTTP/1.1" 200 5336 "http://localhost:3000/" "Mozilla/5.0 (Windows NT 10.0; Win64; x64; rv:109.0) Gecko/20100101 Firefox/111.0"
::ffff:127.0.0.1 - - [25/Mar/2023:14:36:31 +0000] "GET /api/v1/me HTTP/1.1" 500 1381 "http://localhost:3000/login" "Mozilla/5.0 (Windows NT 10.0; Win64; x64) AppleWebKit/537.36 (KHTML, like Gecko) Chrome/111.0.0.0 Safari/537.36"
::1 - - [25/Mar/2023:14:36:33 +0000] "GET /api/v1/me HTTP/1.1" 500 1381 "http://localhost:4000/api-docs/" "Mozilla/5.0 (Windows NT 10.0; Win64; x64) AppleWebKit/537.36 (KHTML, like Gecko) Chrome/111.0.0.0 Safari/537.36"
::ffff:127.0.0.1 - - [25/Mar/2023:14:36:37 +0000] "GET /main.9b492012917095f0d705.hot-update.json HTTP/1.1" 404 180 "http://localhost:3000/" "Mozilla/5.0 (Windows NT 10.0; Win64; x64; rv:109.0) Gecko/20100101 Firefox/111.0"
::ffff:127.0.0.1 - - [25/Mar/2023:14:36:38 +0000] "GET /api/v1/me HTTP/1.1" 500 1381 "http://localhost:3000/" "Mozilla/5.0 (Windows NT 10.0; Win64; x64; rv:109.0) Gecko/20100101 Firefox/111.0"
::ffff:127.0.0.1 - - [25/Mar/2023:14:36:38 +0000] "GET /api/v1/products?keyword=&page=1&price[lte]=1000&price[gt]=10&ratings[gte]=0 HTTP/1.1" 304 - "http://localhost:3000/" "Mozilla/5.0 (Windows NT 10.0; Win64; x64; rv:109.0) Gecko/20100101 Firefox/111.0"
::1 - - [25/Mar/2023:14:37:12 +0000] "POST /api/v1/login HTTP/1.1" 200 603 "http://localhost:4000/api-docs/" "Mozilla/5.0 (Windows NT 10.0; Win64; x64) AppleWebKit/537.36 (KHTML, like Gecko) Chrome/111.0.0.0 Safari/537.36"
::1 - - [25/Mar/2023:14:37:21 +0000] "GET /api/v1/me HTTP/1.1" 200 347 "http://localhost:4000/api-docs/" "Mozilla/5.0 (Windows NT 10.0; Win64; x64) AppleWebKit/537.36 (KHTML, like Gecko) Chrome/111.0.0.0 Safari/537.36"
::1 - - [25/Mar/2023:14:37:58 +0000] "POST /api/v1/password/forgot HTTP/1.1" 400 1152 "http://localhost:4000/api-docs/" "Mozilla/5.0 (Windows NT 10.0; Win64; x64) AppleWebKit/537.36 (KHTML, like Gecko) Chrome/111.0.0.0 Safari/537.36"
::ffff:127.0.0.1 - - [25/Mar/2023:14:39:15 +0000] "POST /api/v1/login HTTP/1.1" 500 381 "http://localhost:3000/login" "Mozilla/5.0 (Windows NT 10.0; Win64; x64) AppleWebKit/537.36 (KHTML, like Gecko) Chrome/111.0.0.0 Safari/537.36"
::ffff:127.0.0.1 - - [25/Mar/2023:14:39:28 +0000] "GET /api/v1/me HTTP/1.1" 200 347 "http://localhost:3000/" "Mozilla/5.0 (Windows NT 10.0; Win64; x64) AppleWebKit/537.36 (KHTML, like Gecko) Chrome/111.0.0.0 Safari/537.36"
::ffff:127.0.0.1 - - [25/Mar/2023:14:39:28 +0000] "GET /api/v1/products?keyword=&page=1&price[lte]=1000&price[gt]=10&ratings[gte]=0 HTTP/1.1" 200 5336 "http://localhost:3000/" "Mozilla/5.0 (Windows NT 10.0; Win64; x64) AppleWebKit/537.36 (KHTML, like Gecko) Chrome/111.0.0.0 Safari/537.36"
::1 - - [25/Mar/2023:14:43:48 +0000] "GET /api/v1/logout HTTP/1.1" 304 - "http://localhost:4000/api-docs/" "Mozilla/5.0 (Windows NT 10.0; Win64; x64) AppleWebKit/537.36 (KHTML, like Gecko) Chrome/111.0.0.0 Safari/537.36"
::ffff:127.0.0.1 - - [25/Mar/2023:14:47:49 +0000] "GET /api/v1/me HTTP/1.1" 500 1381 "http://localhost:3000/" "Mozilla/5.0 (Windows NT 10.0; Win64; x64; rv:109.0) Gecko/20100101 Firefox/111.0"
::ffff:127.0.0.1 - - [25/Mar/2023:14:47:49 +0000] "GET /api/v1/products?keyword=&page=1&price[lte]=1000&price[gt]=10&ratings[gte]=0 HTTP/1.1" 304 - "http://localhost:3000/" "Mozilla/5.0 (Windows NT 10.0; Win64; x64; rv:109.0) Gecko/20100101 Firefox/111.0"
::ffff:127.0.0.1 - - [25/Mar/2023:14:47:50 +0000] "GET /main.fe2f26ec183346c2cc4b.hot-update.json HTTP/1.1" 404 180 "http://localhost:3000/" "Mozilla/5.0 (Windows NT 10.0; Win64; x64; rv:109.0) Gecko/20100101 Firefox/111.0"
::ffff:127.0.0.1 - - [25/Mar/2023:14:47:50 +0000] "GET /main.fe2f26ec183346c2cc4b.hot-update.json HTTP/1.1" 404 180 "http://localhost:3000/" "Mozilla/5.0 (Windows NT 10.0; Win64; x64; rv:109.0) Gecko/20100101 Firefox/111.0"
::ffff:127.0.0.1 - - [25/Mar/2023:14:47:50 +0000] "GET /main.fe2f26ec183346c2cc4b.hot-update.json HTTP/1.1" 404 180 "http://localhost:3000/" "Mozilla/5.0 (Windows NT 10.0; Win64; x64; rv:109.0) Gecko/20100101 Firefox/111.0"
::ffff:127.0.0.1 - - [25/Mar/2023:14:47:51 +0000] "GET /api/v1/me HTTP/1.1" 500 1381 "http://localhost:3000/" "Mozilla/5.0 (Windows NT 10.0; Win64; x64; rv:109.0) Gecko/20100101 Firefox/111.0"
::ffff:127.0.0.1 - - [25/Mar/2023:14:47:51 +0000] "GET /api/v1/me HTTP/1.1" 500 1381 "http://localhost:3000/" "Mozilla/5.0 (Windows NT 10.0; Win64; x64; rv:109.0) Gecko/20100101 Firefox/111.0"
::ffff:127.0.0.1 - - [25/Mar/2023:14:47:51 +0000] "GET /api/v1/products?keyword=&page=1&price[lte]=1000&price[gt]=10&ratings[gte]=0 HTTP/1.1" 304 - "http://localhost:3000/" "Mozilla/5.0 (Windows NT 10.0; Win64; x64; rv:109.0) Gecko/20100101 Firefox/111.0"
::ffff:127.0.0.1 - - [25/Mar/2023:14:47:51 +0000] "GET /api/v1/products?keyword=&page=1&price[lte]=1000&price[gt]=10&ratings[gte]=0 HTTP/1.1" 200 5336 "http://localhost:3000/" "Mozilla/5.0 (Windows NT 10.0; Win64; x64; rv:109.0) Gecko/20100101 Firefox/111.0"
::ffff:127.0.0.1 - - [25/Mar/2023:14:47:51 +0000] "GET /api/v1/me HTTP/1.1" 500 1381 "http://localhost:3000/" "Mozilla/5.0 (Windows NT 10.0; Win64; x64; rv:109.0) Gecko/20100101 Firefox/111.0"
::ffff:127.0.0.1 - - [25/Mar/2023:14:47:51 +0000] "GET /api/v1/products?keyword=&page=1&price[lte]=1000&price[gt]=10&ratings[gte]=0 HTTP/1.1" 200 5336 "http://localhost:3000/" "Mozilla/5.0 (Windows NT 10.0; Win64; x64; rv:109.0) Gecko/20100101 Firefox/111.0"
::1 - - [25/Mar/2023:14:49:41 +0000] "POST /api/v1/register HTTP/1.1" 200 436 "-" "PostmanRuntime/7.29.2"
::1 - - [25/Mar/2023:14:57:32 +0000] "POST /api/v1/register HTTP/1.1" 200 444 "http://localhost:4000/api-docs/" "Mozilla/5.0 (Windows NT 10.0; Win64; x64) AppleWebKit/537.36 (KHTML, like Gecko) Chrome/111.0.0.0 Safari/537.36"
::1 - - [25/Mar/2023:15:00:01 +0000] "POST /api/v1/register HTTP/1.1" 200 439 "http://localhost:4000/api-docs/" "Mozilla/5.0 (Windows NT 10.0; Win64; x64) AppleWebKit/537.36 (KHTML, like Gecko) Chrome/111.0.0.0 Safari/537.36"
::1 - - [25/Mar/2023:16:14:38 +0000] "GET /api/v1/me HTTP/1.1" 200 183 "http://localhost:4000/api-docs/" "Mozilla/5.0 (Windows NT 10.0; Win64; x64) AppleWebKit/537.36 (KHTML, like Gecko) Chrome/111.0.0.0 Safari/537.36"
::1 - - [25/Mar/2023:16:15:20 +0000] "PUT /api/v1/me/update HTTP/1.1" 500 142 "http://localhost:4000/api-docs/" "Mozilla/5.0 (Windows NT 10.0; Win64; x64) AppleWebKit/537.36 (KHTML, like Gecko) Chrome/111.0.0.0 Safari/537.36"
::1 - - [25/Mar/2023:16:29:57 +0000] "GET /api/v1/me HTTP/1.1" 304 - "http://localhost:4000/api-docs/" "Mozilla/5.0 (Windows NT 10.0; Win64; x64) AppleWebKit/537.36 (KHTML, like Gecko) Chrome/111.0.0.0 Safari/537.36"
::1 - - [25/Mar/2023:16:31:10 +0000] "PUT /api/v1/me/update HTTP/1.1" 500 142 "http://localhost:4000/api-docs/" "Mozilla/5.0 (Windows NT 10.0; Win64; x64) AppleWebKit/537.36 (KHTML, like Gecko) Chrome/111.0.0.0 Safari/537.36"
::1 - - [25/Mar/2023:16:31:37 +0000] "PUT /api/v1/me/update HTTP/1.1" 500 142 "-" "PostmanRuntime/7.29.2"
::ffff:127.0.0.1 - - [25/Mar/2023:16:50:36 +0000] "GET /api/v1/me HTTP/1.1" 500 1381 "http://localhost:3000/" "Mozilla/5.0 (Windows NT 10.0; Win64; x64; rv:109.0) Gecko/20100101 Firefox/111.0"
::ffff:127.0.0.1 - - [25/Mar/2023:16:50:36 +0000] "GET /api/v1/products?keyword=&page=1&price[lte]=1000&price[gt]=10&ratings[gte]=0 HTTP/1.1" 200 5336 "http://localhost:3000/" "Mozilla/5.0 (Windows NT 10.0; Win64; x64; rv:109.0) Gecko/20100101 Firefox/111.0"
::1 - - [25/Mar/2023:16:51:45 +0000] "PUT /api/v1/me/update HTTP/1.1" 500 142 "http://localhost:4000/api-docs/" "Mozilla/5.0 (Windows NT 10.0; Win64; x64) AppleWebKit/537.36 (KHTML, like Gecko) Chrome/111.0.0.0 Safari/537.36"
::1 - - [25/Mar/2023:16:52:24 +0000] "PUT /api/v1/me/update HTTP/1.1" 500 142 "http://localhost:4000/api-docs/" "Mozilla/5.0 (Windows NT 10.0; Win64; x64) AppleWebKit/537.36 (KHTML, like Gecko) Chrome/111.0.0.0 Safari/537.36"
::1 - - [25/Mar/2023:16:53:18 +0000] "PUT /api/v1/me/update HTTP/1.1" 500 142 "http://localhost:4000/api-docs/" "Mozilla/5.0 (Windows NT 10.0; Win64; x64) AppleWebKit/537.36 (KHTML, like Gecko) Chrome/111.0.0.0 Safari/537.36"
::1 - - [25/Mar/2023:18:51:44 +0000] "GET /api/v1/me HTTP/1.1" 500 1381 "http://localhost:4000/api-docs/" "Mozilla/5.0 (Windows NT 10.0; Win64; x64) AppleWebKit/537.36 (KHTML, like Gecko) Chrome/111.0.0.0 Safari/537.36"
::ffff:127.0.0.1 - - [25/Mar/2023:18:52:12 +0000] "GET /api/v1/me HTTP/1.1" 500 1381 "http://localhost:3000/login" "Mozilla/5.0 (Windows NT 10.0; Win64; x64) AppleWebKit/537.36 (KHTML, like Gecko) Chrome/111.0.0.0 Safari/537.36"
::ffff:127.0.0.1 - - [25/Mar/2023:18:52:22 +0000] "GET /api/v1/me HTTP/1.1" 500 1381 "http://localhost:3000/" "Mozilla/5.0 (Windows NT 10.0; Win64; x64; rv:109.0) Gecko/20100101 Firefox/111.0"
::ffff:127.0.0.1 - - [25/Mar/2023:18:52:22 +0000] "GET /api/v1/products?keyword=&page=1&price[lte]=1000&price[gt]=10&ratings[gte]=0 HTTP/1.1" 200 5336 "http://localhost:3000/" "Mozilla/5.0 (Windows NT 10.0; Win64; x64; rv:109.0) Gecko/20100101 Firefox/111.0"
::1 - - [25/Mar/2023:18:53:05 +0000] "POST /api/v1/login HTTP/1.1" 200 603 "http://localhost:4000/api-docs/" "Mozilla/5.0 (Windows NT 10.0; Win64; x64) AppleWebKit/537.36 (KHTML, like Gecko) Chrome/111.0.0.0 Safari/537.36"
::1 - - [25/Mar/2023:18:53:47 +0000] "PUT /api/v1/me/update HTTP/1.1" 500 142 "http://localhost:4000/api-docs/" "Mozilla/5.0 (Windows NT 10.0; Win64; x64) AppleWebKit/537.36 (KHTML, like Gecko) Chrome/111.0.0.0 Safari/537.36"
::1 - - [25/Mar/2023:19:07:59 +0000] "PUT /api/v1/me/update HTTP/1.1" 500 142 "http://localhost:4000/api-docs/" "Mozilla/5.0 (Windows NT 10.0; Win64; x64) AppleWebKit/537.36 (KHTML, like Gecko) Chrome/111.0.0.0 Safari/537.36"
::1 - - [25/Mar/2023:19:08:58 +0000] "PUT /api/v1/me/update HTTP/1.1" 500 1381 "-" "PostmanRuntime/7.29.2"
::1 - - [25/Mar/2023:19:09:09 +0000] "POST /api/v1/login HTTP/1.1" 200 603 "-" "PostmanRuntime/7.29.2"
::1 - - [25/Mar/2023:19:09:22 +0000] "PUT /api/v1/me/update HTTP/1.1" 500 142 "-" "PostmanRuntime/7.29.2"
::1 - - [25/Mar/2023:19:16:09 +0000] "PUT /api/v1/me/update HTTP/1.1" 500 142 "-" "PostmanRuntime/7.29.2"
::1 - - [25/Mar/2023:19:18:01 +0000] "GET /api/v1/me HTTP/1.1" 200 347 "http://localhost:4000/api-docs/" "Mozilla/5.0 (Windows NT 10.0; Win64; x64) AppleWebKit/537.36 (KHTML, like Gecko) Chrome/111.0.0.0 Safari/537.36"
::1 - - [25/Mar/2023:19:18:25 +0000] "PUT /api/v1/me/update HTTP/1.1" 500 142 "-" "PostmanRuntime/7.29.2"
::ffff:127.0.0.1 - - [25/Mar/2023:19:20:35 +0000] "GET /api/v1/me HTTP/1.1" 200 347 "http://localhost:3000/login" "Mozilla/5.0 (Windows NT 10.0; Win64; x64) AppleWebKit/537.36 (KHTML, like Gecko) Chrome/111.0.0.0 Safari/537.36"
::ffff:127.0.0.1 - - [25/Mar/2023:19:20:35 +0000] "GET /api/v1/products?keyword=&page=1&price[lte]=1000&price[gt]=10&ratings[gte]=0 HTTP/1.1" 304 - "http://localhost:3000/" "Mozilla/5.0 (Windows NT 10.0; Win64; x64) AppleWebKit/537.36 (KHTML, like Gecko) Chrome/111.0.0.0 Safari/537.36"
::ffff:127.0.0.1 - - [25/Mar/2023:19:21:06 +0000] "PUT /api/v1/me/update HTTP/1.1" 200 16 "http://localhost:3000/me/update" "Mozilla/5.0 (Windows NT 10.0; Win64; x64) AppleWebKit/537.36 (KHTML, like Gecko) Chrome/111.0.0.0 Safari/537.36"
::ffff:127.0.0.1 - - [25/Mar/2023:19:21:06 +0000] "GET /api/v1/me HTTP/1.1" 200 347 "http://localhost:3000/me/update" "Mozilla/5.0 (Windows NT 10.0; Win64; x64) AppleWebKit/537.36 (KHTML, like Gecko) Chrome/111.0.0.0 Safari/537.36"
::1 - - [25/Mar/2023:19:23:52 +0000] "PUT /api/v1/me/update HTTP/1.1" 500 142 "http://localhost:4000/api-docs/" "Mozilla/5.0 (Windows NT 10.0; Win64; x64) AppleWebKit/537.36 (KHTML, like Gecko) Chrome/111.0.0.0 Safari/537.36"
::1 - - [25/Mar/2023:19:25:55 +0000] "PUT /api/v1/password/Update HTTP/1.1" 400 1152 "http://localhost:4000/api-docs/" "Mozilla/5.0 (Windows NT 10.0; Win64; x64) AppleWebKit/537.36 (KHTML, like Gecko) Chrome/111.0.0.0 Safari/537.36"
::1 - - [25/Mar/2023:19:26:13 +0000] "PUT /api/v1/password/Update HTTP/1.1" 500 382 "-" "PostmanRuntime/7.29.2"
::1 - - [25/Mar/2023:19:26:36 +0000] "PUT /api/v1/password/Update HTTP/1.1" 200 603 "-" "PostmanRuntime/7.29.2"
::1 - - [25/Mar/2023:19:27:20 +0000] "GET /api/v1/password/Update HTTP/1.1" 404 161 "-" "Mozilla/5.0 (Windows NT 10.0; Win64; x64) AppleWebKit/537.36 (KHTML, like Gecko) Chrome/111.0.0.0 Safari/537.36"
::1 - - [25/Mar/2023:19:39:56 +0000] "PUT /api/v1/me/update HTTP/1.1" - - "http://localhost:4000/api-docs/" "Mozilla/5.0 (Windows NT 10.0; Win64; x64) AppleWebKit/537.36 (KHTML, like Gecko) Chrome/111.0.0.0 Safari/537.36"
::1 - - [25/Mar/2023:19:40:10 +0000] "PUT /api/v1/me/update HTTP/1.1" 500 142 "http://localhost:4000/api-docs/" "Mozilla/5.0 (Windows NT 10.0; Win64; x64) AppleWebKit/537.36 (KHTML, like Gecko) Chrome/111.0.0.0 Safari/537.36"
::1 - - [25/Mar/2023:19:56:18 +0000] "PUT /api/v1/password/Update HTTP/1.1" 400 1152 "http://localhost:4000/api-docs/" "Mozilla/5.0 (Windows NT 10.0; Win64; x64) AppleWebKit/537.36 (KHTML, like Gecko) Chrome/111.0.0.0 Safari/537.36"
::1 - - [25/Mar/2023:19:57:23 +0000] "PUT /api/v1/password/Update HTTP/1.1" 400 1152 "http://localhost:4000/api-docs/" "Mozilla/5.0 (Windows NT 10.0; Win64; x64) AppleWebKit/537.36 (KHTML, like Gecko) Chrome/111.0.0.0 Safari/537.36"
::1 - - [25/Mar/2023:19:57:50 +0000] "PUT /api/v1/password/Update HTTP/1.1" 400 1152 "http://localhost:4000/api-docs/" "Mozilla/5.0 (Windows NT 10.0; Win64; x64) AppleWebKit/537.36 (KHTML, like Gecko) Chrome/111.0.0.0 Safari/537.36"
::1 - - [25/Mar/2023:19:58:12 +0000] "GET /api/v1/me HTTP/1.1" 200 347 "http://localhost:4000/api-docs/" "Mozilla/5.0 (Windows NT 10.0; Win64; x64) AppleWebKit/537.36 (KHTML, like Gecko) Chrome/111.0.0.0 Safari/537.36"
::1 - - [25/Mar/2023:19:58:55 +0000] "PUT /api/v1/password/Update HTTP/1.1" 200 603 "-" "PostmanRuntime/7.29.2"
::1 - - [25/Mar/2023:20:00:37 +0000] "PUT /api/v1/password/Update HTTP/1.1" 400 1152 "http://localhost:4000/api-docs/" "Mozilla/5.0 (Windows NT 10.0; Win64; x64) AppleWebKit/537.36 (KHTML, like Gecko) Chrome/111.0.0.0 Safari/537.36"
::1 - - [25/Mar/2023:20:02:13 +0000] "PUT /api/v1/password/Update HTTP/1.1" 400 1152 "http://localhost:4000/api-docs/" "Mozilla/5.0 (Windows NT 10.0; Win64; x64) AppleWebKit/537.36 (KHTML, like Gecko) Chrome/111.0.0.0 Safari/537.36"
::1 - - [25/Mar/2023:20:03:03 +0000] "PUT /api/v1/password/Update HTTP/1.1" 400 1152 "http://localhost:4000/api-docs/" "Mozilla/5.0 (Windows NT 10.0; Win64; x64) AppleWebKit/537.36 (KHTML, like Gecko) Chrome/111.0.0.0 Safari/537.36"
::1 - - [25/Mar/2023:20:04:15 +0000] "GET /api/v1/password/Update HTTP/1.1" 404 161 "-" "Mozilla/5.0 (Windows NT 10.0; Win64; x64) AppleWebKit/537.36 (KHTML, like Gecko) Chrome/111.0.0.0 Safari/537.36"
::ffff:127.0.0.1 - - [25/Mar/2023:20:07:47 +0000] "GET /api/v1/me HTTP/1.1" 304 - "http://localhost:3000/me" "Mozilla/5.0 (Windows NT 10.0; Win64; x64) AppleWebKit/537.36 (KHTML, like Gecko) Chrome/111.0.0.0 Safari/537.36"
::1 - - [25/Mar/2023:20:09:30 +0000] "PUT /api/v1/password/Update HTTP/1.1" 400 1157 "http://localhost:4000/api-docs/" "Mozilla/5.0 (Windows NT 10.0; Win64; x64) AppleWebKit/537.36 (KHTML, like Gecko) Chrome/111.0.0.0 Safari/537.36"
::1 - - [25/Mar/2023:20:10:41 +0000] "PUT /api/v1/password/Update HTTP/1.1" 400 1152 "http://localhost:4000/api-docs/" "Mozilla/5.0 (Windows NT 10.0; Win64; x64) AppleWebKit/537.36 (KHTML, like Gecko) Chrome/111.0.0.0 Safari/537.36"
::1 - - [25/Mar/2023:20:11:24 +0000] "PUT /api/v1/password/Update HTTP/1.1" 400 1152 "http://localhost:4000/api-docs/" "Mozilla/5.0 (Windows NT 10.0; Win64; x64) AppleWebKit/537.36 (KHTML, like Gecko) Chrome/111.0.0.0 Safari/537.36"
::1 - - [25/Mar/2023:20:11:55 +0000] "PUT /api/v1/password/Update HTTP/1.1" 400 1152 "http://localhost:4000/api-docs/" "Mozilla/5.0 (Windows NT 10.0; Win64; x64) AppleWebKit/537.36 (KHTML, like Gecko) Chrome/111.0.0.0 Safari/537.36"
::1 - - [25/Mar/2023:20:15:01 +0000] "PUT /api/v1/password/Update HTTP/1.1" 400 1152 "http://localhost:4000/api-docs/" "Mozilla/5.0 (Windows NT 10.0; Win64; x64) AppleWebKit/537.36 (KHTML, like Gecko) Chrome/111.0.0.0 Safari/537.36"
::1 - - [25/Mar/2023:20:17:19 +0000] "PUT /api/v1/password/Update HTTP/1.1" 400 1152 "http://localhost:4000/api-docs/" "Mozilla/5.0 (Windows NT 10.0; Win64; x64) AppleWebKit/537.36 (KHTML, like Gecko) Chrome/111.0.0.0 Safari/537.36"
::1 - - [25/Mar/2023:20:18:30 +0000] "PUT /api/v1/password/Update HTTP/1.1" 400 1152 "http://localhost:4000/api-docs/" "Mozilla/5.0 (Windows NT 10.0; Win64; x64) AppleWebKit/537.36 (KHTML, like Gecko) Chrome/111.0.0.0 Safari/537.36"
::1 - - [25/Mar/2023:20:19:34 +0000] "GET /api/v1/password/Update HTTP/1.1" 404 161 "-" "Mozilla/5.0 (Windows NT 10.0; Win64; x64) AppleWebKit/537.36 (KHTML, like Gecko) Chrome/111.0.0.0 Safari/537.36"
::1 - - [25/Mar/2023:20:22:20 +0000] "PUT /api/v1/me/update HTTP/1.1" 500 142 "http://localhost:4000/api-docs/" "Mozilla/5.0 (Windows NT 10.0; Win64; x64) AppleWebKit/537.36 (KHTML, like Gecko) Chrome/111.0.0.0 Safari/537.36"
::1 - - [25/Mar/2023:20:27:37 +0000] "PUT /api/v1/me/update HTTP/1.1" 500 142 "-" "PostmanRuntime/7.29.2"
::1 - - [25/Mar/2023:20:37:09 +0000] "GET /api/v1/me HTTP/1.1" 200 347 "-" "PostmanRuntime/7.29.2"
::1 - - [25/Mar/2023:20:37:47 +0000] "PUT /api/v1/me/update HTTP/1.1" 500 142 "-" "PostmanRuntime/7.29.2"
::1 - - [25/Mar/2023:20:38:35 +0000] "PUT /api/v1/me/update HTTP/1.1" 500 142 "-" "PostmanRuntime/7.29.2"
::1 - - [25/Mar/2023:21:18:38 +0000] "POST /api/v1/order/new HTTP/1.1" 400 1152 "http://localhost:4000/api-docs/" "Mozilla/5.0 (Windows NT 10.0; Win64; x64) AppleWebKit/537.36 (KHTML, like Gecko) Chrome/111.0.0.0 Safari/537.36"
::1 - - [25/Mar/2023:21:43:39 +0000] "PUT /api/v1/me/update HTTP/1.1" 500 1381 "http://localhost:4000/api-docs/" "Mozilla/5.0 (Windows NT 10.0; Win64; x64) AppleWebKit/537.36 (KHTML, like Gecko) Chrome/111.0.0.0 Safari/537.36"
::1 - - [25/Mar/2023:21:44:24 +0000] "POST /api/v1/login HTTP/1.1" 200 603 "http://localhost:4000/api-docs/" "Mozilla/5.0 (Windows NT 10.0; Win64; x64) AppleWebKit/537.36 (KHTML, like Gecko) Chrome/111.0.0.0 Safari/537.36"
::1 - - [25/Mar/2023:21:44:39 +0000] "PUT /api/v1/me/update HTTP/1.1" 500 142 "http://localhost:4000/api-docs/" "Mozilla/5.0 (Windows NT 10.0; Win64; x64) AppleWebKit/537.36 (KHTML, like Gecko) Chrome/111.0.0.0 Safari/537.36"
::ffff:127.0.0.1 - - [25/Mar/2023:21:45:16 +0000] "GET /api/v1/me HTTP/1.1" 304 - "http://localhost:3000/me" "Mozilla/5.0 (Windows NT 10.0; Win64; x64) AppleWebKit/537.36 (KHTML, like Gecko) Chrome/111.0.0.0 Safari/537.36"
::ffff:127.0.0.1 - - [25/Mar/2023:21:45:42 +0000] "PUT /api/v1/password/update HTTP/1.1" 200 603 "http://localhost:3000/password/update" "Mozilla/5.0 (Windows NT 10.0; Win64; x64) AppleWebKit/537.36 (KHTML, like Gecko) Chrome/111.0.0.0 Safari/537.36"
::1 - - [25/Mar/2023:21:53:56 +0000] "PUT /api/v1/me/update HTTP/1.1" 500 142 "-" "PostmanRuntime/7.29.2"
::1 - - [25/Mar/2023:21:54:16 +0000] "PUT /api/v1/me/update HTTP/1.1" 500 142 "-" "PostmanRuntime/7.29.2"
::1 - - [25/Mar/2023:21:56:15 +0000] "PUT /api/v1/me/update HTTP/1.1" 500 142 "-" "PostmanRuntime/7.29.2"
::1 - - [25/Mar/2023:22:03:12 +0000] "PUT /api/v1/me/update HTTP/1.1" 500 142 "-" "PostmanRuntime/7.29.2"
::1 - - [26/Mar/2023:04:04:16 +0000] "PUT /api/v1/me/update HTTP/1.1" 500 1381 "-" "PostmanRuntime/7.29.2"
::1 - - [26/Mar/2023:04:04:28 +0000] "POST /api/v1/login HTTP/1.1" 500 381 "-" "PostmanRuntime/7.29.2"
::1 - - [26/Mar/2023:04:06:18 +0000] "POST /api/v1/register HTTP/1.1" 200 440 "-" "PostmanRuntime/7.29.2"
::1 - - [26/Mar/2023:04:07:18 +0000] "POST /api/v1/login HTTP/1.1" 200 440 "-" "PostmanRuntime/7.29.2"
::1 - - [26/Mar/2023:04:07:32 +0000] "PUT /api/v1/me/update HTTP/1.1" 500 142 "-" "PostmanRuntime/7.29.2"
::1 - - [26/Mar/2023:04:08:25 +0000] "PUT /api/v1/password/Update HTTP/1.1" 200 440 "-" "PostmanRuntime/7.29.2"
::1 - - [26/Mar/2023:04:10:02 +0000] "GET /api/v1/me HTTP/1.1" 500 1381 "http://localhost:4000/api-docs/" "Mozilla/5.0 (Windows NT 10.0; Win64; x64) AppleWebKit/537.36 (KHTML, like Gecko) Chrome/111.0.0.0 Safari/537.36"
::ffff:127.0.0.1 - - [26/Mar/2023:04:10:38 +0000] "GET /api/v1/me HTTP/1.1" 500 1381 "http://localhost:3000/" "Mozilla/5.0 (Windows NT 10.0; Win64; x64; rv:109.0) Gecko/20100101 Firefox/111.0"
::ffff:127.0.0.1 - - [26/Mar/2023:04:10:38 +0000] "GET /api/v1/products?keyword=&page=1&price[lte]=1000&price[gt]=10&ratings[gte]=0 HTTP/1.1" 304 - "http://localhost:3000/" "Mozilla/5.0 (Windows NT 10.0; Win64; x64; rv:109.0) Gecko/20100101 Firefox/111.0"
::1 - - [26/Mar/2023:04:11:12 +0000] "POST /api/v1/login HTTP/1.1" 200 440 "http://localhost:4000/api-docs/" "Mozilla/5.0 (Windows NT 10.0; Win64; x64) AppleWebKit/537.36 (KHTML, like Gecko) Chrome/111.0.0.0 Safari/537.36"
::1 - - [26/Mar/2023:04:12:06 +0000] "PUT /api/v1/password/Update HTTP/1.1" 400 1152 "http://localhost:4000/api-docs/" "Mozilla/5.0 (Windows NT 10.0; Win64; x64) AppleWebKit/537.36 (KHTML, like Gecko) Chrome/111.0.0.0 Safari/537.36"
::1 - - [26/Mar/2023:04:15:01 +0000] "GET /api/v1/me HTTP/1.1" 200 184 "http://localhost:4000/api-docs/" "Mozilla/5.0 (Windows NT 10.0; Win64; x64) AppleWebKit/537.36 (KHTML, like Gecko) Chrome/111.0.0.0 Safari/537.36"
::1 - - [26/Mar/2023:04:15:46 +0000] "PUT /api/v1/password/Update HTTP/1.1" 400 1152 "http://localhost:4000/api-docs/" "Mozilla/5.0 (Windows NT 10.0; Win64; x64) AppleWebKit/537.36 (KHTML, like Gecko) Chrome/111.0.0.0 Safari/537.36"
::1 - - [26/Mar/2023:04:25:25 +0000] "PUT /api/v1/password/Update HTTP/1.1" 500 874 "http://localhost:4000/api-docs/" "Mozilla/5.0 (Windows NT 10.0; Win64; x64) AppleWebKit/537.36 (KHTML, like Gecko) Chrome/111.0.0.0 Safari/537.36"
::1 - - [26/Mar/2023:04:27:00 +0000] "PUT /api/v1/password/Update HTTP/1.1" 500 874 "http://localhost:4000/api-docs/" "Mozilla/5.0 (Windows NT 10.0; Win64; x64) AppleWebKit/537.36 (KHTML, like Gecko) Chrome/111.0.0.0 Safari/537.36"
::1 - - [26/Mar/2023:04:34:49 +0000] "PUT /api/v1/password/Update HTTP/1.1" 200 440 "http://localhost:4000/api-docs/" "Mozilla/5.0 (Windows NT 10.0; Win64; x64) AppleWebKit/537.36 (KHTML, like Gecko) Chrome/111.0.0.0 Safari/537.36"
::1 - - [26/Mar/2023:04:39:40 +0000] "PUT /api/v1/password/Update HTTP/1.1" 200 440 "http://localhost:4000/api-docs/" "Mozilla/5.0 (Windows NT 10.0; Win64; x64) AppleWebKit/537.36 (KHTML, like Gecko) Chrome/111.0.0.0 Safari/537.36"
::1 - - [26/Mar/2023:04:46:49 +0000] "POST /api/v1/order/new HTTP/1.1" 500 928 "http://localhost:4000/api-docs/" "Mozilla/5.0 (Windows NT 10.0; Win64; x64) AppleWebKit/537.36 (KHTML, like Gecko) Chrome/111.0.0.0 Safari/537.36"
::1 - - [26/Mar/2023:04:50:16 +0000] "POST /api/v1/order/new HTTP/1.1" 500 928 "http://localhost:4000/api-docs/" "Mozilla/5.0 (Windows NT 10.0; Win64; x64) AppleWebKit/537.36 (KHTML, like Gecko) Chrome/111.0.0.0 Safari/537.36"
::1 - - [26/Mar/2023:04:50:36 +0000] "POST /api/v1/order/new HTTP/1.1" 500 928 "http://localhost:4000/api-docs/" "Mozilla/5.0 (Windows NT 10.0; Win64; x64) AppleWebKit/537.36 (KHTML, like Gecko) Chrome/111.0.0.0 Safari/537.36"
::1 - - [26/Mar/2023:04:51:12 +0000] "POST /api/v1/order/new HTTP/1.1" 500 928 "http://localhost:4000/api-docs/" "Mozilla/5.0 (Windows NT 10.0; Win64; x64) AppleWebKit/537.36 (KHTML, like Gecko) Chrome/111.0.0.0 Safari/537.36"
::1 - - [26/Mar/2023:04:51:53 +0000] "POST /api/v1/order/new HTTP/1.1" 500 928 "http://localhost:4000/api-docs/" "Mozilla/5.0 (Windows NT 10.0; Win64; x64) AppleWebKit/537.36 (KHTML, like Gecko) Chrome/111.0.0.0 Safari/537.36"
::1 - - [26/Mar/2023:05:21:57 +0000] "POST /api/v1/order/new HTTP/1.1" 200 749 "http://localhost:4000/api-docs/" "Mozilla/5.0 (Windows NT 10.0; Win64; x64) AppleWebKit/537.36 (KHTML, like Gecko) Chrome/111.0.0.0 Safari/537.36"
::1 - - [26/Mar/2023:05:31:03 +0000] "PUT /api/v1/me/update HTTP/1.1" 500 1300 "-" "PostmanRuntime/7.29.2"
::1 - - [26/Mar/2023:05:31:26 +0000] "POST /api/v1/login HTTP/1.1" 500 381 "-" "PostmanRuntime/7.29.2"
::1 - - [26/Mar/2023:05:57:19 +0000] "GET /api/v1/me HTTP/1.1" 304 - "http://localhost:4000/api-docs/" "Mozilla/5.0 (Windows NT 10.0; Win64; x64) AppleWebKit/537.36 (KHTML, like Gecko) Chrome/111.0.0.0 Safari/537.36"
::1 - - [26/Mar/2023:05:58:01 +0000] "POST /api/v1/register HTTP/1.1" 200 441 "http://localhost:4000/api-docs/" "Mozilla/5.0 (Windows NT 10.0; Win64; x64) AppleWebKit/537.36 (KHTML, like Gecko) Chrome/111.0.0.0 Safari/537.36"
::1 - - [26/Mar/2023:06:01:52 +0000] "POST /api/v1/login HTTP/1.1" 500 381 "-" "PostmanRuntime/7.29.2"
::1 - - [26/Mar/2023:06:02:52 +0000] "PUT /api/v1/me/update HTTP/1.1" 200 16 "http://localhost:4000/api-docs/" "Mozilla/5.0 (Windows NT 10.0; Win64; x64) AppleWebKit/537.36 (KHTML, like Gecko) Chrome/111.0.0.0 Safari/537.36"
::1 - - [26/Mar/2023:06:06:06 +0000] "GET /api/v1/products HTTP/1.1" 304 - "http://localhost:4000/api-docs/" "Mozilla/5.0 (Windows NT 10.0; Win64; x64) AppleWebKit/537.36 (KHTML, like Gecko) Chrome/111.0.0.0 Safari/537.36"
::1 - - [26/Mar/2023:06:06:24 +0000] "GET /api/v1/product/6343e90fb41952b98a0c6f26 HTTP/1.1" 200 699 "http://localhost:4000/api-docs/" "Mozilla/5.0 (Windows NT 10.0; Win64; x64) AppleWebKit/537.36 (KHTML, like Gecko) Chrome/111.0.0.0 Safari/537.36"
::1 - - [26/Mar/2023:06:07:17 +0000] "GET /api/v1/order/641fd67500c3ff9762155be4 HTTP/1.1" 200 801 "http://localhost:4000/api-docs/" "Mozilla/5.0 (Windows NT 10.0; Win64; x64) AppleWebKit/537.36 (KHTML, like Gecko) Chrome/111.0.0.0 Safari/537.36"
::1 - - [26/Mar/2023:06:07:27 +0000] "GET /api/v1/orders/me HTTP/1.1" 200 28 "http://localhost:4000/api-docs/" "Mozilla/5.0 (Windows NT 10.0; Win64; x64) AppleWebKit/537.36 (KHTML, like Gecko) Chrome/111.0.0.0 Safari/537.36"
::1 - - [26/Mar/2023:06:08:55 +0000] "PUT /api/v1/review HTTP/1.1" 500 394 "http://localhost:4000/api-docs/" "Mozilla/5.0 (Windows NT 10.0; Win64; x64) AppleWebKit/537.36 (KHTML, like Gecko) Chrome/111.0.0.0 Safari/537.36"
::1 - - [26/Mar/2023:06:09:14 +0000] "PUT /api/v1/review HTTP/1.1" 500 394 "http://localhost:4000/api-docs/" "Mozilla/5.0 (Windows NT 10.0; Win64; x64) AppleWebKit/537.36 (KHTML, like Gecko) Chrome/111.0.0.0 Safari/537.36"
::1 - - [26/Mar/2023:06:09:25 +0000] "PUT /api/v1/review HTTP/1.1" 500 394 "http://localhost:4000/api-docs/" "Mozilla/5.0 (Windows NT 10.0; Win64; x64) AppleWebKit/537.36 (KHTML, like Gecko) Chrome/111.0.0.0 Safari/537.36"
::1 - - [26/Mar/2023:06:09:54 +0000] "GET /api/v1/reviews?id=641fc4ba4b375fcf864ddd4e HTTP/1.1" 500 394 "http://localhost:4000/api-docs/" "Mozilla/5.0 (Windows NT 10.0; Win64; x64) AppleWebKit/537.36 (KHTML, like Gecko) Chrome/111.0.0.0 Safari/537.36"
::1 - - [26/Mar/2023:06:14:17 +0000] "PUT /api/v1/review HTTP/1.1" 500 394 "-" "PostmanRuntime/7.29.2"
::1 - - [26/Mar/2023:06:21:20 +0000] "GET /api/v1/reviews?id=6343e90fb41952b98a0c6f22 HTTP/1.1" 500 394 "-" "PostmanRuntime/7.29.2"
::ffff:127.0.0.1 - - [26/Mar/2023:06:21:28 +0000] "GET /api/v1/me HTTP/1.1" 500 1381 "http://localhost:3000/" "Mozilla/5.0 (Windows NT 10.0; Win64; x64; rv:109.0) Gecko/20100101 Firefox/111.0"
::ffff:127.0.0.1 - - [26/Mar/2023:06:21:28 +0000] "GET /api/v1/products?keyword=&page=1&price[lte]=1000&price[gt]=10&ratings[gte]=0 HTTP/1.1" 304 - "http://localhost:3000/" "Mozilla/5.0 (Windows NT 10.0; Win64; x64; rv:109.0) Gecko/20100101 Firefox/111.0"
::1 - - [26/Mar/2023:06:21:42 +0000] "GET /api/v1/me HTTP/1.1" 200 184 "-" "PostmanRuntime/7.29.2"
::1 - - [26/Mar/2023:06:25:30 +0000] "PUT /api/v1/review HTTP/1.1" 500 394 "-" "PostmanRuntime/7.29.2"
::1 - - [26/Mar/2023:06:26:42 +0000] "GET /api/v1/me HTTP/1.1" 200 185 "http://localhost:4000/api-docs/" "Mozilla/5.0 (Windows NT 10.0; Win64; x64) AppleWebKit/537.36 (KHTML, like Gecko) Chrome/111.0.0.0 Safari/537.36"
::1 - - [26/Mar/2023:06:27:06 +0000] "GET /api/v1/products HTTP/1.1" 304 - "http://localhost:4000/api-docs/" "Mozilla/5.0 (Windows NT 10.0; Win64; x64) AppleWebKit/537.36 (KHTML, like Gecko) Chrome/111.0.0.0 Safari/537.36"
::1 - - [26/Mar/2023:06:27:22 +0000] "GET /api/v1/reviews?id=6343e90fb41952b98a0c6f26 HTTP/1.1" 200 260 "http://localhost:4000/api-docs/" "Mozilla/5.0 (Windows NT 10.0; Win64; x64) AppleWebKit/537.36 (KHTML, like Gecko) Chrome/111.0.0.0 Safari/537.36"
::1 - - [26/Mar/2023:06:28:32 +0000] "PUT /api/v1/review HTTP/1.1" 200 16 "http://localhost:4000/api-docs/" "Mozilla/5.0 (Windows NT 10.0; Win64; x64) AppleWebKit/537.36 (KHTML, like Gecko) Chrome/111.0.0.0 Safari/537.36"
::1 - - [26/Mar/2023:16:31:44 +0000] "GET /api/v1/products HTTP/1.1" 200 5467 "-" "PostmanRuntime/7.29.2"
::1 - - [26/Mar/2023:16:54:50 +0000] "PUT /api/v1/password/Update HTTP/1.1" 500 1381 "-" "PostmanRuntime/7.29.2"
::1 - - [26/Mar/2023:16:55:16 +0000] "POST /api/v1/login HTTP/1.1" 500 381 "-" "PostmanRuntime/7.29.2"
::1 - - [26/Mar/2023:16:55:38 +0000] "POST /api/v1/register HTTP/1.1" 200 442 "-" "PostmanRuntime/7.29.2"
::1 - - [26/Mar/2023:16:57:29 +0000] "PUT /api/v1/password/Update HTTP/1.1" 200 442 "-" "PostmanRuntime/7.29.2"
::ffff:127.0.0.1 - - [26/Mar/2023:17:13:57 +0000] "GET /api/v1/me HTTP/1.1" 500 1381 "http://localhost:3000/" "Mozilla/5.0 (Windows NT 10.0; Win64; x64; rv:109.0) Gecko/20100101 Firefox/111.0"
::ffff:127.0.0.1 - - [26/Mar/2023:17:13:58 +0000] "GET /api/v1/products?keyword=&page=1&price[lte]=1000&price[gt]=10&ratings[gte]=0 HTTP/1.1" 200 5467 "http://localhost:3000/" "Mozilla/5.0 (Windows NT 10.0; Win64; x64; rv:109.0) Gecko/20100101 Firefox/111.0"
::1 - - [26/Mar/2023:17:52:19 +0000] "GET /api/v1/products HTTP/1.1" 200 5467 "http://localhost:4000/api-docs/" "Mozilla/5.0 (Windows NT 10.0; Win64; x64) AppleWebKit/537.36 (KHTML, like Gecko) Chrome/111.0.0.0 Safari/537.36"
::ffff:127.0.0.1 - - [26/Mar/2023:17:52:59 +0000] "GET /api/v1/me HTTP/1.1" 500 1381 "http://localhost:3000/" "Mozilla/5.0 (Windows NT 10.0; Win64; x64; rv:109.0) Gecko/20100101 Firefox/111.0"
::ffff:127.0.0.1 - - [26/Mar/2023:17:52:59 +0000] "GET /api/v1/products?keyword=&page=1&price[lte]=1000&price[gt]=10&ratings[gte]=0 HTTP/1.1" 200 5467 "http://localhost:3000/" "Mozilla/5.0 (Windows NT 10.0; Win64; x64; rv:109.0) Gecko/20100101 Firefox/111.0"
::ffff:127.0.0.1 - - [26/Mar/2023:19:33:51 +0000] "GET /api/v1/me HTTP/1.1" 500 1381 "http://localhost:3000/" "Mozilla/5.0 (Windows NT 10.0; Win64; x64; rv:109.0) Gecko/20100101 Firefox/111.0"
::ffff:127.0.0.1 - - [26/Mar/2023:19:33:51 +0000] "GET /api/v1/products?keyword=&page=1&price[lte]=1000&price[gt]=10&ratings[gte]=0 HTTP/1.1" 304 - "http://localhost:3000/" "Mozilla/5.0 (Windows NT 10.0; Win64; x64; rv:109.0) Gecko/20100101 Firefox/111.0"
::ffff:127.0.0.1 - - [26/Mar/2023:19:35:42 +0000] "GET /api/v1/me HTTP/1.1" 500 1381 "http://localhost:3000/" "Mozilla/5.0 (Windows NT 10.0; Win64; x64) AppleWebKit/537.36 (KHTML, like Gecko) Chrome/111.0.0.0 Safari/537.36"
::ffff:127.0.0.1 - - [26/Mar/2023:19:35:42 +0000] "GET /api/v1/products?keyword=&page=1&price[lte]=1000&price[gt]=10&ratings[gte]=0 HTTP/1.1" 200 5467 "http://localhost:3000/" "Mozilla/5.0 (Windows NT 10.0; Win64; x64) AppleWebKit/537.36 (KHTML, like Gecko) Chrome/111.0.0.0 Safari/537.36"
::ffff:127.0.0.1 - - [26/Mar/2023:19:35:49 +0000] "GET /api/v1/products?keyword=&page=1&price[lte]=1000&price[gt]=10&ratings[gte]=0 HTTP/1.1" 304 - "http://localhost:3000/products" "Mozilla/5.0 (Windows NT 10.0; Win64; x64) AppleWebKit/537.36 (KHTML, like Gecko) Chrome/111.0.0.0 Safari/537.36"
::ffff:127.0.0.1 - - [26/Mar/2023:19:35:52 +0000] "GET /api/v1/products?keyword=&page=1&price[lte]=1000&price[gt]=10&ratings[gte]=0 HTTP/1.1" 304 - "http://localhost:3000/" "Mozilla/5.0 (Windows NT 10.0; Win64; x64) AppleWebKit/537.36 (KHTML, like Gecko) Chrome/111.0.0.0 Safari/537.36"
::ffff:127.0.0.1 - - [26/Mar/2023:19:36:46 +0000] "GET /api/v1/product/6343e90fb41952b98a0c6f26 HTTP/1.1" 200 830 "http://localhost:3000/product/6343e90fb41952b98a0c6f26" "Mozilla/5.0 (Windows NT 10.0; Win64; x64) AppleWebKit/537.36 (KHTML, like Gecko) Chrome/111.0.0.0 Safari/537.36"
::ffff:127.0.0.1 - - [26/Mar/2023:19:36:53 +0000] "GET /api/v1/product/6343e90fb41952b98a0c6f26 HTTP/1.1" 304 - "http://localhost:3000/product/6343e90fb41952b98a0c6f26" "Mozilla/5.0 (Windows NT 10.0; Win64; x64) AppleWebKit/537.36 (KHTML, like Gecko) Chrome/111.0.0.0 Safari/537.36"
::ffff:127.0.0.1 - - [26/Mar/2023:19:37:24 +0000] "POST /api/v1/login HTTP/1.1" 200 603 "http://localhost:3000/login" "Mozilla/5.0 (Windows NT 10.0; Win64; x64) AppleWebKit/537.36 (KHTML, like Gecko) Chrome/111.0.0.0 Safari/537.36"
::ffff:127.0.0.1 - - [26/Mar/2023:19:37:24 +0000] "GET /api/v1/products?keyword=&page=1&price[lte]=1000&price[gt]=10&ratings[gte]=0 HTTP/1.1" 304 - "http://localhost:3000/" "Mozilla/5.0 (Windows NT 10.0; Win64; x64) AppleWebKit/537.36 (KHTML, like Gecko) Chrome/111.0.0.0 Safari/537.36"
::ffff:127.0.0.1 - - [26/Mar/2023:19:37:53 +0000] "POST /api/v1/order/new HTTP/1.1" 200 665 "http://localhost:3000/confirm" "Mozilla/5.0 (Windows NT 10.0; Win64; x64) AppleWebKit/537.36 (KHTML, like Gecko) Chrome/111.0.0.0 Safari/537.36"
::ffff:127.0.0.1 - - [26/Mar/2023:19:38:03 +0000] "GET /api/v1/orders/me HTTP/1.1" 200 2031 "http://localhost:3000/orders/me" "Mozilla/5.0 (Windows NT 10.0; Win64; x64) AppleWebKit/537.36 (KHTML, like Gecko) Chrome/111.0.0.0 Safari/537.36"
::ffff:127.0.0.1 - - [26/Mar/2023:19:38:09 +0000] "GET /api/v1/order/641ed17dead8e797303a6008 HTTP/1.1" 200 720 "http://localhost:3000/order/641ed17dead8e797303a6008" "Mozilla/5.0 (Windows NT 10.0; Win64; x64) AppleWebKit/537.36 (KHTML, like Gecko) Chrome/111.0.0.0 Safari/537.36"
::ffff:127.0.0.1 - - [26/Mar/2023:19:38:30 +0000] "PUT /api/v1/me/update HTTP/1.1" 200 16 "http://localhost:3000/me/update" "Mozilla/5.0 (Windows NT 10.0; Win64; x64) AppleWebKit/537.36 (KHTML, like Gecko) Chrome/111.0.0.0 Safari/537.36"
::ffff:127.0.0.1 - - [26/Mar/2023:19:38:30 +0000] "GET /api/v1/me HTTP/1.1" 200 347 "http://localhost:3000/me/update" "Mozilla/5.0 (Windows NT 10.0; Win64; x64) AppleWebKit/537.36 (KHTML, like Gecko) Chrome/111.0.0.0 Safari/537.36"
::ffff:127.0.0.1 - - [26/Mar/2023:19:38:42 +0000] "PUT /api/v1/password/update HTTP/1.1" 200 603 "http://localhost:3000/password/update" "Mozilla/5.0 (Windows NT 10.0; Win64; x64) AppleWebKit/537.36 (KHTML, like Gecko) Chrome/111.0.0.0 Safari/537.36"
::ffff:127.0.0.1 - - [26/Mar/2023:19:38:50 +0000] "GET /api/v1/products?keyword=&page=1&price[lte]=1000&price[gt]=10&ratings[gte]=0 HTTP/1.1" 304 - "http://localhost:3000/products" "Mozilla/5.0 (Windows NT 10.0; Win64; x64) AppleWebKit/537.36 (KHTML, like Gecko) Chrome/111.0.0.0 Safari/537.36"
::ffff:127.0.0.1 - - [26/Mar/2023:19:38:52 +0000] "GET /api/v1/product/6343e90fb41952b98a0c6f26 HTTP/1.1" 304 - "http://localhost:3000/product/6343e90fb41952b98a0c6f26" "Mozilla/5.0 (Windows NT 10.0; Win64; x64) AppleWebKit/537.36 (KHTML, like Gecko) Chrome/111.0.0.0 Safari/537.36"
::ffff:127.0.0.1 - - [26/Mar/2023:19:38:55 +0000] "GET /api/v1/products?keyword=&page=1&price[lte]=1000&price[gt]=10&ratings[gte]=0 HTTP/1.1" 304 - "http://localhost:3000/products" "Mozilla/5.0 (Windows NT 10.0; Win64; x64) AppleWebKit/537.36 (KHTML, like Gecko) Chrome/111.0.0.0 Safari/537.36"
::ffff:127.0.0.1 - - [26/Mar/2023:19:38:57 +0000] "GET /api/v1/products?keyword=&page=1&price[lte]=1000&price[gt]=10&ratings[gte]=0&category=Medicines HTTP/1.1" 200 4546 "http://localhost:3000/products" "Mozilla/5.0 (Windows NT 10.0; Win64; x64) AppleWebKit/537.36 (KHTML, like Gecko) Chrome/111.0.0.0 Safari/537.36"
::ffff:127.0.0.1 - - [26/Mar/2023:19:40:21 +0000] "GET /api/v1/logout HTTP/1.1" 200 39 "http://localhost:3000/products" "Mozilla/5.0 (Windows NT 10.0; Win64; x64) AppleWebKit/537.36 (KHTML, like Gecko) Chrome/111.0.0.0 Safari/537.36"
::ffff:127.0.0.1 - - [26/Mar/2023:19:40:21 +0000] "GET /api/v1/products?keyword=&page=1&price[lte]=1000&price[gt]=10&ratings[gte]=0 HTTP/1.1" 304 - "http://localhost:3000/" "Mozilla/5.0 (Windows NT 10.0; Win64; x64) AppleWebKit/537.36 (KHTML, like Gecko) Chrome/111.0.0.0 Safari/537.36"
::ffff:127.0.0.1 - - [26/Mar/2023:19:41:11 +0000] "POST /api/v1/login HTTP/1.1" 500 381 "http://localhost:3000/login" "Mozilla/5.0 (Windows NT 10.0; Win64; x64) AppleWebKit/537.36 (KHTML, like Gecko) Chrome/111.0.0.0 Safari/537.36"
::ffff:127.0.0.1 - - [26/Mar/2023:19:41:17 +0000] "POST /api/v1/login HTTP/1.1" 500 381 "http://localhost:3000/login" "Mozilla/5.0 (Windows NT 10.0; Win64; x64) AppleWebKit/537.36 (KHTML, like Gecko) Chrome/111.0.0.0 Safari/537.36"
::ffff:127.0.0.1 - - [26/Mar/2023:19:41:58 +0000] "POST /api/v1/register HTTP/1.1" 200 442 "http://localhost:3000/register" "Mozilla/5.0 (Windows NT 10.0; Win64; x64) AppleWebKit/537.36 (KHTML, like Gecko) Chrome/111.0.0.0 Safari/537.36"
::ffff:127.0.0.1 - - [26/Mar/2023:19:41:58 +0000] "GET /api/v1/products?keyword=&page=1&price[lte]=1000&price[gt]=10&ratings[gte]=0 HTTP/1.1" 304 - "http://localhost:3000/" "Mozilla/5.0 (Windows NT 10.0; Win64; x64) AppleWebKit/537.36 (KHTML, like Gecko) Chrome/111.0.0.0 Safari/537.36"
::ffff:127.0.0.1 - - [26/Mar/2023:19:43:42 +0000] "GET /api/v1/logout HTTP/1.1" 304 - "http://localhost:3000/" "Mozilla/5.0 (Windows NT 10.0; Win64; x64) AppleWebKit/537.36 (KHTML, like Gecko) Chrome/111.0.0.0 Safari/537.36"
::ffff:127.0.0.1 - - [26/Mar/2023:19:43:57 +0000] "POST /api/v1/login HTTP/1.1" 200 443 "http://localhost:3000/login" "Mozilla/5.0 (Windows NT 10.0; Win64; x64) AppleWebKit/537.36 (KHTML, like Gecko) Chrome/111.0.0.0 Safari/537.36"
::ffff:127.0.0.1 - - [26/Mar/2023:19:43:57 +0000] "GET /api/v1/products?keyword=&page=1&price[lte]=1000&price[gt]=10&ratings[gte]=0 HTTP/1.1" 304 - "http://localhost:3000/" "Mozilla/5.0 (Windows NT 10.0; Win64; x64) AppleWebKit/537.36 (KHTML, like Gecko) Chrome/111.0.0.0 Safari/537.36"
::ffff:127.0.0.1 - - [26/Mar/2023:19:44:02 +0000] "GET /api/v1/admin/products HTTP/1.1" 200 15870 "http://localhost:3000/dashboard" "Mozilla/5.0 (Windows NT 10.0; Win64; x64) AppleWebKit/537.36 (KHTML, like Gecko) Chrome/111.0.0.0 Safari/537.36"
::ffff:127.0.0.1 - - [26/Mar/2023:19:44:02 +0000] "GET /api/v1/admin/orders HTTP/1.1" 200 15685 "http://localhost:3000/dashboard" "Mozilla/5.0 (Windows NT 10.0; Win64; x64) AppleWebKit/537.36 (KHTML, like Gecko) Chrome/111.0.0.0 Safari/537.36"
::ffff:127.0.0.1 - - [26/Mar/2023:19:44:17 +0000] "GET /api/v1/admin/products HTTP/1.1" 200 15870 "http://localhost:3000/admin/products" "Mozilla/5.0 (Windows NT 10.0; Win64; x64) AppleWebKit/537.36 (KHTML, like Gecko) Chrome/111.0.0.0 Safari/537.36"
::ffff:127.0.0.1 - - [26/Mar/2023:19:44:22 +0000] "DELETE /api/v1/admin/product/6343e90fb41952b98a0c6f26 HTTP/1.1" 200 47 "http://localhost:3000/admin/products" "Mozilla/5.0 (Windows NT 10.0; Win64; x64) AppleWebKit/537.36 (KHTML, like Gecko) Chrome/111.0.0.0 Safari/537.36"
::ffff:127.0.0.1 - - [26/Mar/2023:19:44:22 +0000] "GET /api/v1/admin/products HTTP/1.1" 200 15066 "http://localhost:3000/admin/products" "Mozilla/5.0 (Windows NT 10.0; Win64; x64) AppleWebKit/537.36 (KHTML, like Gecko) Chrome/111.0.0.0 Safari/537.36"
::ffff:127.0.0.1 - - [26/Mar/2023:19:44:23 +0000] "GET /api/v1/admin/products HTTP/1.1" 200 15066 "http://localhost:3000/admin/products" "Mozilla/5.0 (Windows NT 10.0; Win64; x64) AppleWebKit/537.36 (KHTML, like Gecko) Chrome/111.0.0.0 Safari/537.36"
